Archive member included to satisfy reference by file (symbol)

app/libapp.a(main.c.obj)      (--whole-archive)
app/libapp.a(ble_uart.c.obj)  (--whole-archive)
app/libapp.a(gps.c.obj)       (--whole-archive)
app/libapp.a(lora.c.obj)      (--whole-archive)
zephyr/libzephyr.a(heap.c.obj)
                              (--whole-archive)
zephyr/libzephyr.a(cbprintf_packaged.c.obj)
                              (--whole-archive)
zephyr/libzephyr.a(printk.c.obj)
                              (--whole-archive)
zephyr/libzephyr.a(sem.c.obj)
                              (--whole-archive)
zephyr/libzephyr.a(thread_entry.c.obj)
                              (--whole-archive)
zephyr/libzephyr.a(cbprintf_complete.c.obj)
                              (--whole-archive)
zephyr/libzephyr.a(assert.c.obj)
                              (--whole-archive)
zephyr/libzephyr.a(dec.c.obj)
                              (--whole-archive)
zephyr/libzephyr.a(hex.c.obj)
                              (--whole-archive)
zephyr/libzephyr.a(rb.c.obj)  (--whole-archive)
zephyr/libzephyr.a(timeutil.c.obj)
                              (--whole-archive)
zephyr/libzephyr.a(bitarray.c.obj)
                              (--whole-archive)
zephyr/libzephyr.a(ring_buffer.c.obj)
                              (--whole-archive)
zephyr/libzephyr.a(configs.c.obj)
                              (--whole-archive)
zephyr/libzephyr.a(soc.c.obj)
                              (--whole-archive)
zephyr/libzephyr.a(log_core.c.obj)
                              (--whole-archive)
zephyr/libzephyr.a(log_mgmt.c.obj)
                              (--whole-archive)
zephyr/libzephyr.a(log_cache.c.obj)
                              (--whole-archive)
zephyr/libzephyr.a(log_msg.c.obj)
                              (--whole-archive)
zephyr/libzephyr.a(log_output.c.obj)
                              (--whole-archive)
zephyr/libzephyr.a(log_backend_uart.c.obj)
                              (--whole-archive)
zephyr/libzephyr.a(tracing_none.c.obj)
                              (--whole-archive)
zephyr/libzephyr.a(addr_utils.c.obj)
                              (--whole-archive)
zephyr/libzephyr.a(utils.c.obj)
                              (--whole-archive)
zephyr/libzephyr.a(aes_decrypt.c.obj)
                              (--whole-archive)
zephyr/libzephyr.a(aes_encrypt.c.obj)
                              (--whole-archive)
zephyr/libzephyr.a(cmac_mode.c.obj)
                              (--whole-archive)
zephyr/libzephyr.a(sha256.c.obj)
                              (--whole-archive)
zephyr/libzephyr.a(hmac.c.obj)
                              (--whole-archive)
zephyr/libzephyr.a(hmac_prng.c.obj)
                              (--whole-archive)
zephyr/arch/common/libarch__common.a(sw_isr_common.c.obj)
                              (--whole-archive)
zephyr/arch/arch/arm/core/libarch__arm__core.a(fatal.c.obj)
                              (--whole-archive)
zephyr/arch/arch/arm/core/libarch__arm__core.a(nmi.c.obj)
                              (--whole-archive)
zephyr/arch/arch/arm/core/libarch__arm__core.a(nmi_on_reset.S.obj)
                              (--whole-archive)
zephyr/arch/arch/arm/core/libarch__arm__core.a(tls.c.obj)
                              (--whole-archive)
zephyr/arch/arch/arm/core/cortex_m/libarch__arm__core__cortex_m.a(exc_exit.c.obj)
                              (--whole-archive)
zephyr/arch/arch/arm/core/cortex_m/libarch__arm__core__cortex_m.a(fault.c.obj)
                              (--whole-archive)
zephyr/arch/arch/arm/core/cortex_m/libarch__arm__core__cortex_m.a(fault_s.S.obj)
                              (--whole-archive)
zephyr/arch/arch/arm/core/cortex_m/libarch__arm__core__cortex_m.a(fpu.c.obj)
                              (--whole-archive)
zephyr/arch/arch/arm/core/cortex_m/libarch__arm__core__cortex_m.a(reset.S.obj)
                              (--whole-archive)
zephyr/arch/arch/arm/core/cortex_m/libarch__arm__core__cortex_m.a(scb.c.obj)
                              (--whole-archive)
zephyr/arch/arch/arm/core/cortex_m/libarch__arm__core__cortex_m.a(thread_abort.c.obj)
                              (--whole-archive)
zephyr/arch/arch/arm/core/cortex_m/libarch__arm__core__cortex_m.a(vector_table.S.obj)
                              (--whole-archive)
zephyr/arch/arch/arm/core/cortex_m/libarch__arm__core__cortex_m.a(swap.c.obj)
                              (--whole-archive)
zephyr/arch/arch/arm/core/cortex_m/libarch__arm__core__cortex_m.a(swap_helper.S.obj)
                              (--whole-archive)
zephyr/arch/arch/arm/core/cortex_m/libarch__arm__core__cortex_m.a(irq_manage.c.obj)
                              (--whole-archive)
zephyr/arch/arch/arm/core/cortex_m/libarch__arm__core__cortex_m.a(prep_c.c.obj)
                              (--whole-archive)
zephyr/arch/arch/arm/core/cortex_m/libarch__arm__core__cortex_m.a(thread.c.obj)
                              (--whole-archive)
[...]
Memory Configuration

Name             Origin             Length             Attributes
FLASH            0x000000000000c000 0x00000000000f4000 xr
RAM              0x0000000010010000 0x0000000000050000 xw
ITCM             0x0000000010000000 0x0000000000010000
IDT_LIST         0x00000000ffff7fff 0x0000000000008000 xw
*default*        0x0000000000000000 0xffffffffffffffff

Linker script and memory map

                0x000000000001d040                vfprintf = __d_vfprintf
                0x0000000000000000                vfscanf = __d_vfscanf
LOAD zephyr/CMakeFiles/zephyr_pre0.dir/misc/empty_file.c.obj
LOAD zephyr/CMakeFiles/offsets.dir/./arch/arm/core/offsets/offsets.c.obj
LOAD app/libapp.a
LOAD zephyr/libzephyr.a
LOAD zephyr/arch/common/libarch__common.a
LOAD zephyr/arch/arch/arm/core/libarch__arm__core.a
LOAD zephyr/arch/arch/arm/core/cortex_m/libarch__arm__core__cortex_m.a
LOAD zephyr/lib/libc/picolibc/liblib__libc__picolibc.a
LOAD zephyr/lib/libc/common/liblib__libc__common.a
LOAD zephyr/subsys/bluetooth/common/libsubsys__bluetooth__common.a
LOAD zephyr/subsys/bluetooth/host/libsubsys__bluetooth__host.a
LOAD zephyr/subsys/bluetooth/crypto/libsubsys__bluetooth__crypto.a
LOAD zephyr/subsys/net/libsubsys__net.a
LOAD zephyr/drivers/bluetooth/libdrivers__bluetooth.a
LOAD zephyr/drivers/console/libdrivers__console.a
LOAD zephyr/drivers/gpio/libdrivers__gpio.a
LOAD zephyr/drivers/pinctrl/libdrivers__pinctrl.a
LOAD zephyr/drivers/serial/libdrivers__serial.a
LOAD zephyr/drivers/spi/libdrivers__spi.a
LOAD zephyr/drivers/timer/libdrivers__timer.a
LOAD modules/hal_ambiq/mcu/apollo3/lib..__modules__hal__ambiq__mcu__apollo3.a
LOAD modules/hal_ambiq/components/lib..__modules__hal__ambiq__components.a
LOAD zephyr/kernel/libkernel.a
LOAD d:/documents/m2/rtos/zephyr-sdk-0.17.4/arm-zephyr-eabi/bin/../lib/gcc/arm-zephyr-eabi/12.2.0/thumb/v7e-m/nofp\libgcc.a
LOAD zephyr/arch/common/libisr_tables.a
LOAD d:\documents\m2\rtos\zephyr-sdk-0.17.4\arm-zephyr-eabi\bin\../lib/gcc/../../picolibc/arm-zephyr-eabi/lib/thumb/v7e-m/nofp\libc.a
LOAD d:/documents/m2/rtos/zephyr-sdk-0.17.4/arm-zephyr-eabi/bin/../lib/gcc/arm-zephyr-eabi/12.2.0/thumb/v7e-m/nofp\libgcc.a
                0x0000000000000004                _region_min_align = 0x4

.rel.plt        0x000000000000c000        0x0
 *(SORT_BY_ALIGNMENT(.rel.plt))
                [!provide]                        PROVIDE (__rel_iplt_start = .)
 *(SORT_BY_ALIGNMENT(.rel.iplt))
 .rel.iplt      0x000000000000c000        0x0 app/libapp.a(main.c.obj)
                [!provide]                        PROVIDE (__rel_iplt_end = .)

.rela.plt       0x0000000000000000        0x0
 *(SORT_BY_ALIGNMENT(.rela.plt))
                [!provide]                        PROVIDE (__rela_iplt_start = .)
 *(SORT_BY_ALIGNMENT(.rela.iplt))
                [!provide]                        PROVIDE (__rela_iplt_end = .)

.rel.dyn
 *(SORT_BY_ALIGNMENT(.rel.*))

.rela.dyn
 *(SORT_BY_ALIGNMENT(.rela.*))

/DISCARD/
 *(SORT_BY_ALIGNMENT(.plt))

/DISCARD/
 *(SORT_BY_ALIGNMENT(.iplt))
                0x000000000000c000                __rom_region_start = 0xc000

rom_start       0x000000000000c000       0xbc
                0x000000000000c000                __rom_start_address = .
 FILL mask 0x00
                0x000000000000c000                . = (. + (0x0 - (. - __rom_start_address)))
                0x000000000000c000                . = ALIGN (0x4)
                0x000000000000c000                . = ALIGN (0x80)
                0x000000000000c000                . = ALIGN (0x100)
                0x000000000000c000                _vector_start = .
 *(SORT_BY_ALIGNMENT(.exc_vector_table))
 *(SORT_BY_ALIGNMENT(.exc_vector_table.*))
 .exc_vector_table._vector_table_section
                0x000000000000c000       0x40 zephyr/arch/arch/arm/core/cortex_m/libarch__arm__core__cortex_m.a(vector_table.S.obj)
                0x000000000000c000                _vector_table
 *(SORT_BY_ALIGNMENT(.vectors))
                0x000000000000c0bc                _vector_end = .
                0x000000000000c040                . = ALIGN (0x4)
 *(SORT_BY_ALIGNMENT(.gnu.linkonce.irq_vector_table*))
 .gnu.linkonce.irq_vector_table
                0x000000000000c040       0x7c zephyr/arch/common/libisr_tables.a(isr_tables.c.obj)
                0x000000000000c040                _irq_vector_table
                0x000000000000c0bc                _vector_end = .

text            0x000000000000c0c0    0x17b90
                0x000000000000c0c0                __text_region_start = .
 *(SORT_BY_ALIGNMENT(.text))
 .text          0x000000000000c0c0      0x378 d:/documents/m2/rtos/zephyr-sdk-0.17.4/arm-zephyr-eabi/bin/../lib/gcc/arm-zephyr-eabi/12.2.0/thumb/v7e-m/nofp\libgcc.a(_arm_addsubdf3.o)
                0x000000000000c0c0                __aeabi_drsub
                0x000000000000c0c8                __aeabi_dsub
                0x000000000000c0c8                __subdf3
                0x000000000000c0cc                __aeabi_dadd
                0x000000000000c0cc                __adddf3
                0x000000000000c344                __floatunsidf
                0x000000000000c344                __aeabi_ui2d
                0x000000000000c364                __floatsidf
                0x000000000000c364                __aeabi_i2d
                0x000000000000c388                __aeabi_f2d
                0x000000000000c388                __extendsfdf2
                0x000000000000c3cc                __floatundidf
                0x000000000000c3cc                __aeabi_ul2d
                0x000000000000c3dc                __floatdidf
                0x000000000000c3dc                __aeabi_l2d
 .text          0x000000000000c438      0x424 d:/documents/m2/rtos/zephyr-sdk-0.17.4/arm-zephyr-eabi/bin/../lib/gcc/arm-zephyr-eabi/12.2.0/thumb/v7e-m/nofp\libgcc.a(_arm_muldivdf3.o)
                0x000000000000c438                __aeabi_dmul
                0x000000000000c438                __muldf3
                0x000000000000c68c                __divdf3
                0x000000000000c68c                __aeabi_ddiv
 .text          0x000000000000c85c      0x110 d:/documents/m2/rtos/zephyr-sdk-0.17.4/arm-zephyr-eabi/bin/../lib/gcc/arm-zephyr-eabi/12.2.0/thumb/v7e-m/nofp\libgcc.a(_arm_cmpdf2.o)
                0x000000000000c85c                __gtdf2
                0x000000000000c85c                __gedf2
                0x000000000000c864                __ltdf2
                0x000000000000c864                __ledf2
                0x000000000000c86c                __nedf2
                0x000000000000c86c                __eqdf2
                0x000000000000c86c                __cmpdf2
                0x000000000000c8e8                __aeabi_cdrcmple
                0x000000000000c8f8                __aeabi_cdcmpeq
                0x000000000000c8f8                __aeabi_cdcmple
                0x000000000000c908                __aeabi_dcmpeq
                0x000000000000c91c                __aeabi_dcmplt
                0x000000000000c930                __aeabi_dcmple
                0x000000000000c944                __aeabi_dcmpge
                0x000000000000c958                __aeabi_dcmpgt
 .text          0x000000000000c96c       0x50 d:/documents/m2/rtos/zephyr-sdk-0.17.4/arm-zephyr-eabi/bin/../lib/gcc/arm-zephyr-eabi/12.2.0/thumb/v7e-m/nofp\libgcc.a(_arm_fixdfsi.o)
                0x000000000000c96c                __aeabi_d2iz
                0x000000000000c96c                __fixdfsi
 .text          0x000000000000c9bc       0x30 d:/documents/m2/rtos/zephyr-sdk-0.17.4/arm-zephyr-eabi/bin/../lib/gcc/arm-zephyr-eabi/12.2.0/thumb/v7e-m/nofp\libgcc.a(_aeabi_uldivmod.o)
                0x000000000000c9bc                __aeabi_uldivmod
 .text          0x000000000000c9ec        0x4 d:/documents/m2/rtos/zephyr-sdk-0.17.4/arm-zephyr-eabi/bin/../lib/gcc/arm-zephyr-eabi/12.2.0/thumb/v7e-m/nofp\libgcc.a(_dvmd_tls.o)
                0x000000000000c9ec                __aeabi_idiv0
                0x000000000000c9ec                __aeabi_ldiv0
 .text          0x000000000000c9f0      0x2a0 d:/documents/m2/rtos/zephyr-sdk-0.17.4/arm-zephyr-eabi/bin/../lib/gcc/arm-zephyr-eabi/12.2.0/thumb/v7e-m/nofp\libgcc.a(_udivmoddi4.o)
                0x000000000000c9f0                __udivmoddi4
 .text          0x000000000000cc90       0x10 d:\documents\m2\rtos\zephyr-sdk-0.17.4\arm-zephyr-eabi\bin\../lib/gcc/../../picolibc/arm-zephyr-eabi/lib/thumb/v7e-m/nofp\libc.a(strcpy.S.o)
                0x000000000000cc90                strcpy
 .text          0x000000000000cca0       0x10 d:\documents\m2\rtos\zephyr-sdk-0.17.4\arm-zephyr-eabi\bin\../lib/gcc/../../picolibc/arm-zephyr-eabi/lib/thumb/v7e-m/nofp\libc.a(strlen.S.o)
                0x000000000000cca0                strlen
 *(SORT_BY_ALIGNMENT(.text.*))
 .text.ble_thread
                0x000000000000ccb0      0x218 app/libapp.a(main.c.obj)
                0x000000000000ccb0                ble_thread
 .text.lora_thread
                0x000000000000cec8      0x15c app/libapp.a(main.c.obj)
                0x000000000000cec8                lora_thread
 *fill*         0x000000000000d024        0x4 
 .text.bt_init  0x000000000000d028      0x470 zephyr/subsys/bluetooth/host/libsubsys__bluetooth__host.a(hci_core.c.obj)
 .text.atan2    0x000000000000d498      0x1fc d:\documents\m2\rtos\zephyr-sdk-0.17.4\arm-zephyr-eabi\bin\../lib/gcc/../../picolibc/arm-zephyr-eabi/lib/thumb/v7e-m/nofp\libc.a(libm_math_s_atan2.c.o)
                0x000000000000d498                atan2
                0x000000000000d498                atan2l
 *fill*         0x000000000000d694        0x4 
 .text.__rem_pio2
                0x000000000000d698      0x3e4 d:\documents\m2\rtos\zephyr-sdk-0.17.4\arm-zephyr-eabi\bin\../lib/gcc/../../picolibc/arm-zephyr-eabi/lib/thumb/v7e-m/nofp\libc.a(libm_math_s_rem_pio2.c.o)
                0x000000000000d698                __rem_pio2
 *fill*         0x000000000000da7c        0x4 
 .text.__kernel_cos
                0x000000000000da80      0x16c d:\documents\m2\rtos\zephyr-sdk-0.17.4\arm-zephyr-eabi\bin\../lib/gcc/../../picolibc/arm-zephyr-eabi/lib/thumb/v7e-m/nofp\libc.a(libm_math_k_cos.c.o)
                0x000000000000da80                __kernel_cos
 *fill*         0x000000000000dbec        0x4 
 .text.__kernel_sin
                0x000000000000dbf0      0x164 d:\documents\m2\rtos\zephyr-sdk-0.17.4\arm-zephyr-eabi\bin\../lib/gcc/../../picolibc/arm-zephyr-eabi/lib/thumb/v7e-m/nofp\libc.a(libm_math_k_sin.c.o)
                0x000000000000dbf0                __kernel_sin
 *fill*         0x000000000000dd54        0x4 
 .text.atan     0x000000000000dd58      0x338 d:\documents\m2\rtos\zephyr-sdk-0.17.4\arm-zephyr-eabi\bin\../lib/gcc/../../picolibc/arm-zephyr-eabi/lib/thumb/v7e-m/nofp\libc.a(libm_math_s_atan.c.o)
                0x000000000000dd58                atan
                0x000000000000dd58                atanl
 .text.gps_uart_isr
                0x000000000000e090       0x50 app/libapp.a(main.c.obj)
 .text.nmea_to_decimal
                0x000000000000e0e0       0x78 app/libapp.a(main.c.obj)
                0x000000000000e0e0                nmea_to_decimal
 .text.process_nmea
                0x000000000000e158      0x114 app/libapp.a(main.c.obj)
                0x000000000000e158                process_nmea
 .text.gps_thread
                0x000000000000e26c       0x98 app/libapp.a(main.c.obj)
                0x000000000000e26c                gps_thread
 .text.uart1_print
                0x000000000000e304       0x4c app/libapp.a(main.c.obj)
                0x000000000000e304                uart1_print
 .text.main     0x000000000000e350       0xa8 app/libapp.a(main.c.obj)
                0x000000000000e350                main
 .text.uart_rx_cb
                0x000000000000e3f8       0x18 app/libapp.a(ble_uart.c.obj)
 .text.disconnected
                0x000000000000e410       0x20 app/libapp.a(ble_uart.c.obj)
 .text.uart_tx_ccc_changed
                0x000000000000e430       0x80 app/libapp.a(ble_uart.c.obj)
 .text.ble_uart_send
                0x000000000000e4b0       0x70 app/libapp.a(ble_uart.c.obj)
                0x000000000000e4b0                ble_uart_send
 .text.connected
                0x000000000000e520       0x48 app/libapp.a(ble_uart.c.obj)
 .text.cbvprintf_package
                0x000000000000e568      0x3a4 zephyr/libzephyr.a(cbprintf_packaged.c.obj)
                0x000000000000e568                cbvprintf_package
 .text.__printk_hook_install
                0x000000000000e90c        0xc zephyr/libzephyr.a(printk.c.obj)
                0x000000000000e90c                __printk_hook_install
 .text.z_thread_entry
                0x000000000000e918       0x34 zephyr/libzephyr.a(thread_entry.c.obj)
                0x000000000000e918                z_thread_entry
 .text.z_log_init.isra.0
                0x000000000000e94c       0xcc zephyr/libzephyr.a(log_core.c.obj)
 .text.log_format_func_t_get
                0x000000000000ea18        0xc zephyr/libzephyr.a(log_core.c.obj)
                0x000000000000ea18                log_format_func_t_get
 .text.log_set_timestamp_func
                0x000000000000ea24       0x20 zephyr/libzephyr.a(log_core.c.obj)
                0x000000000000ea24                log_set_timestamp_func
 .text.log_core_init
                0x000000000000ea44       0x28 zephyr/libzephyr.a(log_core.c.obj)
                0x000000000000ea44                log_core_init
 .text.z_impl_log_panic
                0x000000000000ea6c       0x3c zephyr/libzephyr.a(log_core.c.obj)
                0x000000000000ea6c                z_impl_log_panic
 .text.z_log_dropped
                0x000000000000eaa8       0x30 zephyr/libzephyr.a(log_core.c.obj)
                0x000000000000eaa8                z_log_dropped
 .text.z_log_msg_commit
                0x000000000000ead8       0x38 zephyr/libzephyr.a(log_core.c.obj)
                0x000000000000ead8                z_log_msg_commit
 .text.log_source_name_get
                0x000000000000eb10       0x1c zephyr/libzephyr.a(log_mgmt.c.obj)
                0x000000000000eb10                log_source_name_get
 .text.log_backend_enable
                0x000000000000eb2c       0x28 zephyr/libzephyr.a(log_mgmt.c.obj)
                0x000000000000eb2c                log_backend_enable
 .text.z_log_msg_runtime_vcreate
                0x000000000000eb54       0xac zephyr/libzephyr.a(log_msg.c.obj)
                0x000000000000eb54                z_log_msg_runtime_vcreate
 .text.log_msg_get_source_id
                0x000000000000ec00       0x18 zephyr/libzephyr.a(log_msg.c.obj)
                0x000000000000ec00                log_msg_get_source_id
 .text.print_formatted
                0x000000000000ec18       0x24 zephyr/libzephyr.a(log_output.c.obj)
 .text.newline_print
                0x000000000000ec3c       0x1c zephyr/libzephyr.a(log_output.c.obj)
 .text.log_output_process
                0x000000000000ec58      0x2d4 zephyr/libzephyr.a(log_output.c.obj)
                0x000000000000ec58                log_output_process
 .text.log_output_timestamp_freq_set
                0x000000000000ef2c       0x2c zephyr/libzephyr.a(log_output.c.obj)
                0x000000000000ef2c                log_output_timestamp_freq_set
 .text.char_out
                0x000000000000ef58       0x24 zephyr/libzephyr.a(log_backend_uart.c.obj)
 .text.sub_bytes
                0x000000000000ef7c       0x18 zephyr/libzephyr.a(aes_encrypt.c.obj)
 .text.tc_aes128_set_encrypt_key
                0x000000000000ef94       0xa4 zephyr/libzephyr.a(aes_encrypt.c.obj)
                0x000000000000ef94                tc_aes128_set_encrypt_key
 .text.compress
                0x000000000000f038      0x1d0 zephyr/libzephyr.a(sha256.c.obj)
 .text.tc_sha256_init
                0x000000000000f208       0x58 zephyr/libzephyr.a(sha256.c.obj)
                0x000000000000f208                tc_sha256_init
 .text.z_arm_fatal_error
                0x000000000000f260       0xc4 zephyr/arch/arch/arm/core/libarch__arm__core.a(fatal.c.obj)
                0x000000000000f260                z_arm_fatal_error
 .text.z_SysNmiOnReset
                0x000000000000f324        0x8 zephyr/arch/arch/arm/core/libarch__arm__core.a(nmi_on_reset.S.obj)
                0x000000000000f324                z_SysNmiOnReset
 .text.arch_tls_stack_setup
                0x000000000000f32c       0x40 zephyr/arch/arch/arm/core/libarch__arm__core.a(tls.c.obj)
                0x000000000000f32c                arch_tls_stack_setup
 .text._HandlerModeExit
                0x000000000000f36c       0x28 zephyr/arch/arch/arm/core/cortex_m/libarch__arm__core__cortex_m.a(exc_exit.c.obj)
                0x000000000000f36c                z_arm_int_exit
                0x000000000000f36c                z_arm_exc_exit
 .text.mem_manage_fault.constprop.0
                0x000000000000f394      0x130 zephyr/arch/arch/arm/core/cortex_m/libarch__arm__core__cortex_m.a(fault.c.obj)
 .text.bus_fault.constprop.0
                0x000000000000f4c4      0x13c zephyr/arch/arch/arm/core/cortex_m/libarch__arm__core__cortex_m.a(fault.c.obj)
 .text.usage_fault.constprop.0
                0x000000000000f600      0x108 zephyr/arch/arch/arm/core/cortex_m/libarch__arm__core__cortex_m.a(fault.c.obj)
 .text.z_arm_fault
                0x000000000000f708      0x20c zephyr/arch/arch/arm/core/cortex_m/libarch__arm__core__cortex_m.a(fault.c.obj)
                0x000000000000f708                z_arm_fault
 .text.z_arm_fault_init
                0x000000000000f914       0x10 zephyr/arch/arch/arm/core/cortex_m/libarch__arm__core__cortex_m.a(fault.c.obj)
                0x000000000000f914                z_arm_fault_init
 .text.__fault  0x000000000000f924       0x14 zephyr/arch/arch/arm/core/cortex_m/libarch__arm__core__cortex_m.a(fault_s.S.obj)
                0x000000000000f924                z_arm_usage_fault
                0x000000000000f924                z_arm_mpu_fault
                0x000000000000f924                z_arm_exc_spurious
                0x000000000000f924                z_arm_debug_monitor
                0x000000000000f924                z_arm_hard_fault
                0x000000000000f924                z_arm_bus_fault
 .text._reset_section
                0x000000000000f938       0x2c zephyr/arch/arch/arm/core/cortex_m/libarch__arm__core__cortex_m.a(reset.S.obj)
                0x000000000000f938                __start
                0x000000000000f938                z_arm_reset
 .text.z_impl_k_thread_abort
                0x000000000000f964       0x2c zephyr/arch/arch/arm/core/cortex_m/libarch__arm__core__cortex_m.a(thread_abort.c.obj)
                0x000000000000f964                z_impl_k_thread_abort
 .text.arch_swap
                0x000000000000f990       0x30 zephyr/arch/arch/arm/core/cortex_m/libarch__arm__core__cortex_m.a(swap.c.obj)
                0x000000000000f990                arch_swap
 .text.z_arm_pendsv_c
                0x000000000000f9c0       0x40 zephyr/arch/arch/arm/core/cortex_m/libarch__arm__core__cortex_m.a(swap.c.obj)
                0x000000000000f9c0                z_arm_pendsv_c
 .text.z_arm_pendsv
                0x000000000000fa00       0x34 zephyr/arch/arch/arm/core/cortex_m/libarch__arm__core__cortex_m.a(swap_helper.S.obj)
                0x000000000000fa00                z_arm_pendsv
 .text.z_arm_svc
                0x000000000000fa34       0x20 zephyr/arch/arch/arm/core/cortex_m/libarch__arm__core__cortex_m.a(swap_helper.S.obj)
                0x000000000000fa34                z_arm_svc
 .text.arch_irq_enable
                0x000000000000fa54       0x1c zephyr/arch/arch/arm/core/cortex_m/libarch__arm__core__cortex_m.a(irq_manage.c.obj)
                0x000000000000fa54                arch_irq_enable
 .text.z_arm_irq_priority_set
                0x000000000000fa70       0x30 zephyr/arch/arch/arm/core/cortex_m/libarch__arm__core__cortex_m.a(irq_manage.c.obj)
                0x000000000000fa70                z_arm_irq_priority_set
 .text.z_prep_c
                0x000000000000faa0       0x48 zephyr/arch/arch/arm/core/cortex_m/libarch__arm__core__cortex_m.a(prep_c.c.obj)
                0x000000000000faa0                z_prep_c
 .text.arch_new_thread
                0x000000000000fae8       0x38 zephyr/arch/arch/arm/core/cortex_m/libarch__arm__core__cortex_m.a(thread.c.obj)
                0x000000000000fae8                arch_new_thread
 .text.arch_switch_to_main_thread
                0x000000000000fb20       0x40 zephyr/arch/arch/arm/core/cortex_m/libarch__arm__core__cortex_m.a(thread.c.obj)
                0x000000000000fb20                arch_switch_to_main_thread
 .text.z_arm_cpu_idle_init
                0x000000000000fb60        0xc zephyr/arch/arch/arm/core/cortex_m/libarch__arm__core__cortex_m.a(cpu_idle.c.obj)
                0x000000000000fb60                z_arm_cpu_idle_init
 .text.z_arm_interrupt_init
                0x000000000000fb6c       0x18 zephyr/arch/arch/arm/core/cortex_m/libarch__arm__core__cortex_m.a(irq_init.c.obj)
                0x000000000000fb6c                z_arm_interrupt_init
 .text._isr_wrapper
                0x000000000000fb84       0x24 zephyr/arch/arch/arm/core/cortex_m/libarch__arm__core__cortex_m.a(isr_wrapper.c.obj)
                0x000000000000fb84                _isr_wrapper
 .text.z_impl_zephyr_fputc
                0x000000000000fba8       0x10 zephyr/lib/libc/picolibc/liblib__libc__picolibc.a(libc-hooks.c.obj)
                0x000000000000fba8                z_impl_zephyr_fputc
 .text.__stdout_hook_install
                0x000000000000fbb8       0x18 zephyr/lib/libc/picolibc/liblib__libc__picolibc.a(libc-hooks.c.obj)
                0x000000000000fbb8                __stdout_hook_install
 .text.cbvprintf
                0x000000000000fbd0       0x38 zephyr/lib/libc/picolibc/liblib__libc__picolibc.a(libc-hooks.c.obj)
                0x000000000000fbd0                cbvprintf
 .text.malloc_prepare
                0x000000000000fc08       0x24 zephyr/lib/libc/common/liblib__libc__common.a(malloc.c.obj)
 .text.bt_hex   0x000000000000fc2c       0x44 zephyr/subsys/bluetooth/common/libsubsys__bluetooth__common.a(bt_str.c.obj)
                0x000000000000fc2c                bt_hex
 .text.bt_addr_le_str
                0x000000000000fc70       0x7c zephyr/subsys/bluetooth/common/libsubsys__bluetooth__common.a(bt_str.c.obj)
                0x000000000000fc70                bt_addr_le_str
 .text.long_wq_init
                0x000000000000fcec       0x38 zephyr/subsys/bluetooth/host/libsubsys__bluetooth__host.a(long_wq.c.obj)
 .text.bt_long_wq_schedule
                0x000000000000fd24        0xc zephyr/subsys/bluetooth/host/libsubsys__bluetooth__host.a(long_wq.c.obj)
                0x000000000000fd24                bt_long_wq_schedule
 .text.uuid_to_uuid128
                0x000000000000fd30       0x78 zephyr/subsys/bluetooth/host/libsubsys__bluetooth__host.a(uuid.c.obj)
 .text.bt_buf_get_rx
                0x000000000000fda8       0x20 zephyr/subsys/bluetooth/host/libsubsys__bluetooth__host.a(buf.c.obj)
                0x000000000000fda8                bt_buf_get_rx
 .text.bt_buf_get_evt
                0x000000000000fdc8       0x38 zephyr/subsys/bluetooth/host/libsubsys__bluetooth__host.a(buf.c.obj)
                0x000000000000fdc8                bt_buf_get_evt
 .text.hci_disconn_complete_prio
                0x000000000000fe00       0x4c zephyr/subsys/bluetooth/host/libsubsys__bluetooth__host.a(hci_core.c.obj)
 .text.find_pending_connect.part.0
                0x000000000000fe4c       0x2c zephyr/subsys/bluetooth/host/libsubsys__bluetooth__host.a(hci_core.c.obj)
 .text.rx_queue_put
                0x000000000000fe78       0x48 zephyr/subsys/bluetooth/host/libsubsys__bluetooth__host.a(hci_core.c.obj)
 .text.hci_hardware_error
                0x000000000000fec0       0x30 zephyr/subsys/bluetooth/host/libsubsys__bluetooth__host.a(hci_core.c.obj)
 .text.le_data_len_change
                0x000000000000fef0       0x3c zephyr/subsys/bluetooth/host/libsubsys__bluetooth__host.a(hci_core.c.obj)
 .text.le_phy_update_complete
                0x000000000000ff2c       0x3c zephyr/subsys/bluetooth/host/libsubsys__bluetooth__host.a(hci_core.c.obj)
 .text.hci_disconn_complete
                0x000000000000ff68       0x4c zephyr/subsys/bluetooth/host/libsubsys__bluetooth__host.a(hci_core.c.obj)
 .text.handle_event
                0x000000000000ffb4       0x80 zephyr/subsys/bluetooth/host/libsubsys__bluetooth__host.a(hci_core.c.obj)
 .text.rx_work_handler
                0x0000000000010034      0x170 zephyr/subsys/bluetooth/host/libsubsys__bluetooth__host.a(hci_core.c.obj)
 .text.hci_le_meta_event
                0x00000000000101a4       0x20 zephyr/subsys/bluetooth/host/libsubsys__bluetooth__host.a(hci_core.c.obj)
 .text.hci_data_buf_overflow
                0x00000000000101c4       0x2c zephyr/subsys/bluetooth/host/libsubsys__bluetooth__host.a(hci_core.c.obj)
 .text.le_remote_feat_complete
                0x00000000000101f0       0x60 zephyr/subsys/bluetooth/host/libsubsys__bluetooth__host.a(hci_core.c.obj)
 .text.hci_cmd_done
                0x0000000000010250      0x160 zephyr/subsys/bluetooth/host/libsubsys__bluetooth__host.a(hci_core.c.obj)
 .text.hci_num_completed_packets
                0x00000000000103b0       0xf8 zephyr/subsys/bluetooth/host/libsubsys__bluetooth__host.a(hci_core.c.obj)
 .text.le_conn_update_complete
                0x00000000000104a8       0xd4 zephyr/subsys/bluetooth/host/libsubsys__bluetooth__host.a(hci_core.c.obj)
 .text.bt_hci_cmd_state_set_init
                0x000000000001057c       0x24 zephyr/subsys/bluetooth/host/libsubsys__bluetooth__host.a(hci_core.c.obj)
                0x000000000001057c                bt_hci_cmd_state_set_init
 .text.bt_hci_cmd_create
                0x00000000000105a0       0x78 zephyr/subsys/bluetooth/host/libsubsys__bluetooth__host.a(hci_core.c.obj)
                0x00000000000105a0                bt_hci_cmd_create
 .text.bt_security_err_get
                0x0000000000010618       0x10 zephyr/subsys/bluetooth/host/libsubsys__bluetooth__host.a(hci_core.c.obj)
                0x0000000000010618                bt_security_err_get
 .text.hci_encrypt_key_refresh_complete
                0x0000000000010628       0xa0 zephyr/subsys/bluetooth/host/libsubsys__bluetooth__host.a(hci_core.c.obj)
 .text.hci_encrypt_change
                0x00000000000106c8       0xd4 zephyr/subsys/bluetooth/host/libsubsys__bluetooth__host.a(hci_core.c.obj)
 .text.bt_hci_get_ver_str
                0x000000000001079c       0x3c zephyr/subsys/bluetooth/host/libsubsys__bluetooth__host.a(hci_core.c.obj)
                0x000000000001079c                bt_hci_get_ver_str
 .text.bt_send  0x00000000000107d8       0x14 zephyr/subsys/bluetooth/host/libsubsys__bluetooth__host.a(hci_core.c.obj)
                0x00000000000107d8                bt_send
 .text.hci_event_prio
                0x00000000000107ec       0xb0 zephyr/subsys/bluetooth/host/libsubsys__bluetooth__host.a(hci_core.c.obj)
                0x00000000000107ec                hci_event_prio
 .text.bt_hci_recv
                0x000000000001089c       0x6c zephyr/subsys/bluetooth/host/libsubsys__bluetooth__host.a(hci_core.c.obj)
                0x000000000001089c                bt_hci_recv
 .text.bt_finalize_init
                0x0000000000010908       0xf4 zephyr/subsys/bluetooth/host/libsubsys__bluetooth__host.a(hci_core.c.obj)
                0x0000000000010908                bt_finalize_init
 .text.bt_get_name
                0x00000000000109fc        0x8 zephyr/subsys/bluetooth/host/libsubsys__bluetooth__host.a(hci_core.c.obj)
                0x00000000000109fc                bt_get_name
 .text.bt_tx_irq_raise
                0x0000000000010a04        0xc zephyr/subsys/bluetooth/host/libsubsys__bluetooth__host.a(hci_core.c.obj)
                0x0000000000010a04                bt_tx_irq_raise
 .text.bt_hci_cmd_send
                0x0000000000010a10       0x68 zephyr/subsys/bluetooth/host/libsubsys__bluetooth__host.a(hci_core.c.obj)
                0x0000000000010a10                bt_hci_cmd_send
 .text.le_ltk_request
                0x0000000000010a78       0xcc zephyr/subsys/bluetooth/host/libsubsys__bluetooth__host.a(hci_core.c.obj)
 .text.le_conn_param_neg_reply
                0x0000000000010b44       0x50 zephyr/subsys/bluetooth/host/libsubsys__bluetooth__host.a(hci_core.c.obj)
 .text.le_conn_param_req
                0x0000000000010b94       0xcc zephyr/subsys/bluetooth/host/libsubsys__bluetooth__host.a(hci_core.c.obj)
 .text.process_pending_cmd
                0x0000000000010c60       0xec zephyr/subsys/bluetooth/host/libsubsys__bluetooth__host.a(hci_core.c.obj)
 .text.bt_hci_cmd_send_sync
                0x0000000000010d4c      0x190 zephyr/subsys/bluetooth/host/libsubsys__bluetooth__host.a(hci_core.c.obj)
                0x0000000000010d4c                bt_hci_cmd_send_sync
 .text.init_work
                0x0000000000010edc       0x18 zephyr/subsys/bluetooth/host/libsubsys__bluetooth__host.a(hci_core.c.obj)
 .text.bt_enable
                0x0000000000010ef4       0xe4 zephyr/subsys/bluetooth/host/libsubsys__bluetooth__host.a(hci_core.c.obj)
                0x0000000000010ef4                bt_enable
 .text.bt_hci_le_rand
                0x0000000000010fd8       0x58 zephyr/subsys/bluetooth/host/libsubsys__bluetooth__host.a(hci_core.c.obj)
                0x0000000000010fd8                bt_hci_le_rand
 .text.bt_hci_le_enh_conn_complete
                0x0000000000011030      0x2b8 zephyr/subsys/bluetooth/host/libsubsys__bluetooth__host.a(hci_core.c.obj)
                0x0000000000011030                bt_hci_le_enh_conn_complete
 .text.le_legacy_conn_complete
                0x00000000000112e8       0x70 zephyr/subsys/bluetooth/host/libsubsys__bluetooth__host.a(hci_core.c.obj)
 .text.hci_cmd_status
                0x0000000000011358       0x30 zephyr/subsys/bluetooth/host/libsubsys__bluetooth__host.a(hci_core.c.obj)
 .text.hci_cmd_complete
                0x0000000000011388       0x60 zephyr/subsys/bluetooth/host/libsubsys__bluetooth__host.a(hci_core.c.obj)
 .text.id_find  0x00000000000113e8       0x30 zephyr/subsys/bluetooth/host/libsubsys__bluetooth__host.a(id.c.obj)
 .text.id_create.constprop.0
                0x0000000000011418       0x5c zephyr/subsys/bluetooth/host/libsubsys__bluetooth__host.a(id.c.obj)
 .text.set_random_address
                0x0000000000011474       0x80 zephyr/subsys/bluetooth/host/libsubsys__bluetooth__host.a(id.c.obj)
 .text.bt_id_pending_keys_update
                0x00000000000114f4       0x34 zephyr/subsys/bluetooth/host/libsubsys__bluetooth__host.a(id.c.obj)
                0x00000000000114f4                bt_id_pending_keys_update
 .text.bt_id_find_conflict
                0x0000000000011528       0x20 zephyr/subsys/bluetooth/host/libsubsys__bluetooth__host.a(id.c.obj)
                0x0000000000011528                bt_id_find_conflict
 .text.bt_id_add
                0x0000000000011548      0x1a0 zephyr/subsys/bluetooth/host/libsubsys__bluetooth__host.a(id.c.obj)
                0x0000000000011548                bt_id_add
 .text.bt_id_del
                0x00000000000116e8      0x148 zephyr/subsys/bluetooth/host/libsubsys__bluetooth__host.a(id.c.obj)
                0x00000000000116e8                bt_id_del
 .text.bt_id_create
                0x0000000000011830       0xa8 zephyr/subsys/bluetooth/host/libsubsys__bluetooth__host.a(id.c.obj)
                0x0000000000011830                bt_id_create
 .text.bt_id_read_public_addr
                0x00000000000118d8       0xa0 zephyr/subsys/bluetooth/host/libsubsys__bluetooth__host.a(id.c.obj)
                0x00000000000118d8                bt_id_read_public_addr
 .text.bt_setup_public_id_addr
                0x0000000000011978       0x20 zephyr/subsys/bluetooth/host/libsubsys__bluetooth__host.a(id.c.obj)
                0x0000000000011978                bt_setup_public_id_addr
 .text.bt_id_set_adv_own_addr
                0x0000000000011998       0xe0 zephyr/subsys/bluetooth/host/libsubsys__bluetooth__host.a(id.c.obj)
                0x0000000000011998                bt_id_set_adv_own_addr
 .text.bt_id_init
                0x0000000000011a78       0x60 zephyr/subsys/bluetooth/host/libsubsys__bluetooth__host.a(id.c.obj)
                0x0000000000011a78                bt_id_init
 .text.hci_set_ad
                0x0000000000011ad8       0xdc zephyr/subsys/bluetooth/host/libsubsys__bluetooth__host.a(adv.c.obj)
 .text.valid_adv_param
                0x0000000000011bb4       0x84 zephyr/subsys/bluetooth/host/libsubsys__bluetooth__host.a(adv.c.obj)
 .text.adv_is_directed
                0x0000000000011c38       0x18 zephyr/subsys/bluetooth/host/libsubsys__bluetooth__host.a(adv.c.obj)
 .text.le_adv_start_add_conn
                0x0000000000011c50       0x60 zephyr/subsys/bluetooth/host/libsubsys__bluetooth__host.a(adv.c.obj)
 .text.bt_le_ext_adv_foreach
                0x0000000000011cb0        0xc zephyr/subsys/bluetooth/host/libsubsys__bluetooth__host.a(adv.c.obj)
                0x0000000000011cb0                bt_le_ext_adv_foreach
 .text.bt_le_adv_lookup_legacy
                0x0000000000011cbc        0x8 zephyr/subsys/bluetooth/host/libsubsys__bluetooth__host.a(adv.c.obj)
                0x0000000000011cbc                bt_le_adv_lookup_legacy
 .text.bt_le_adv_start_legacy
                0x0000000000011cc4      0x280 zephyr/subsys/bluetooth/host/libsubsys__bluetooth__host.a(adv.c.obj)
                0x0000000000011cc4                bt_le_adv_start_legacy
 .text.bt_le_adv_start
                0x0000000000011f44       0x64 zephyr/subsys/bluetooth/host/libsubsys__bluetooth__host.a(adv.c.obj)
                0x0000000000011f44                bt_le_adv_start
 .text.bt_le_adv_stop
                0x0000000000011fa8       0x78 zephyr/subsys/bluetooth/host/libsubsys__bluetooth__host.a(adv.c.obj)
                0x0000000000011fa8                bt_le_adv_stop
 .text.adv_timeout
                0x0000000000012020       0x2c zephyr/subsys/bluetooth/host/libsubsys__bluetooth__host.a(adv.c.obj)
 .text.bt_le_adv_resume
                0x000000000001204c       0xf4 zephyr/subsys/bluetooth/host/libsubsys__bluetooth__host.a(adv.c.obj)
                0x000000000001204c                bt_le_adv_resume
 .text.prng_reseed.constprop.0
                0x0000000000012140       0x68 zephyr/subsys/bluetooth/host/libsubsys__bluetooth__host.a(crypto_tc.c.obj)
 .text.prng_init
                0x00000000000121a8       0x4c zephyr/subsys/bluetooth/host/libsubsys__bluetooth__host.a(crypto_tc.c.obj)
                0x00000000000121a8                prng_init
 .text.bt_rand  0x00000000000121f4       0x3c zephyr/subsys/bluetooth/host/libsubsys__bluetooth__host.a(crypto_tc.c.obj)
                0x00000000000121f4                bt_rand
 .text.bt_pub_key_is_debug
                0x0000000000012230       0x18 zephyr/subsys/bluetooth/host/libsubsys__bluetooth__host.a(ecc.c.obj)
                0x0000000000012230                bt_pub_key_is_debug
 .text.bt_pub_key_gen
                0x0000000000012248      0x128 zephyr/subsys/bluetooth/host/libsubsys__bluetooth__host.a(ecc.c.obj)
                0x0000000000012248                bt_pub_key_gen
 .text.bt_pub_key_get
                0x0000000000012370       0x20 zephyr/subsys/bluetooth/host/libsubsys__bluetooth__host.a(ecc.c.obj)
                0x0000000000012370                bt_pub_key_get
 .text.bt_dh_key_gen
                0x0000000000012390       0xb0 zephyr/subsys/bluetooth/host/libsubsys__bluetooth__host.a(ecc.c.obj)
                0x0000000000012390                bt_dh_key_gen
 .text.bt_hci_evt_le_pkey_complete
                0x0000000000012440       0x84 zephyr/subsys/bluetooth/host/libsubsys__bluetooth__host.a(ecc.c.obj)
                0x0000000000012440                bt_hci_evt_le_pkey_complete
 .text.bt_hci_evt_le_dhkey_complete
                0x00000000000124c4       0x1c zephyr/subsys/bluetooth/host/libsubsys__bluetooth__host.a(ecc.c.obj)
                0x00000000000124c4                bt_hci_evt_le_dhkey_complete
 .text.notify_connected
                0x00000000000124e0       0x40 zephyr/subsys/bluetooth/host/libsubsys__bluetooth__host.a(conn.c.obj)
 .text.frag_destroy
                0x0000000000012520       0x20 zephyr/subsys/bluetooth/host/libsubsys__bluetooth__host.a(conn.c.obj)
                0x0000000000012520                frag_destroy
 .text.conn_tx_destroy
                0x0000000000012540       0x2c zephyr/subsys/bluetooth/host/libsubsys__bluetooth__host.a(conn.c.obj)
 .text.get_data_frag
                0x000000000001256c       0x38 zephyr/subsys/bluetooth/host/libsubsys__bluetooth__host.a(conn.c.obj)
 .text.tx_notify
                0x00000000000125a4       0x60 zephyr/subsys/bluetooth/host/libsubsys__bluetooth__host.a(conn.c.obj)
 .text.wait_for_tx_work
                0x0000000000012604       0x3c zephyr/subsys/bluetooth/host/libsubsys__bluetooth__host.a(conn.c.obj)
 .text.bt_conn_get_pkts
                0x0000000000012640       0x18 zephyr/subsys/bluetooth/host/libsubsys__bluetooth__host.a(conn.c.obj)
                0x0000000000012640                bt_conn_get_pkts
 .text.bt_conn_new
                0x0000000000012658       0x64 zephyr/subsys/bluetooth/host/libsubsys__bluetooth__host.a(conn.c.obj)
                0x0000000000012658                bt_conn_new
 .text.bt_conn_recv
                0x00000000000126bc      0x128 zephyr/subsys/bluetooth/host/libsubsys__bluetooth__host.a(conn.c.obj)
                0x00000000000126bc                bt_conn_recv
 .text.bt_conn_data_ready
                0x00000000000127e4       0x3c zephyr/subsys/bluetooth/host/libsubsys__bluetooth__host.a(conn.c.obj)
                0x00000000000127e4                bt_conn_data_ready
 .text.get_conn_ready
                0x0000000000012820       0xcc zephyr/subsys/bluetooth/host/libsubsys__bluetooth__host.a(conn.c.obj)
                0x0000000000012820                get_conn_ready
 .text.bt_conn_unref
                0x00000000000128ec       0x74 zephyr/subsys/bluetooth/host/libsubsys__bluetooth__host.a(conn.c.obj)
                0x00000000000128ec                bt_conn_unref
 .text.bt_conn_set_state
                0x0000000000012960      0x1b0 zephyr/subsys/bluetooth/host/libsubsys__bluetooth__host.a(conn.c.obj)
                0x0000000000012960                bt_conn_set_state
 .text.bt_conn_lookup_handle
                0x0000000000012b10       0x4c zephyr/subsys/bluetooth/host/libsubsys__bluetooth__host.a(conn.c.obj)
                0x0000000000012b10                bt_conn_lookup_handle
 .text.bt_conn_foreach
                0x0000000000012b5c       0x30 zephyr/subsys/bluetooth/host/libsubsys__bluetooth__host.a(conn.c.obj)
                0x0000000000012b5c                bt_conn_foreach
 .text.bt_conn_index
                0x0000000000012b8c       0x18 zephyr/subsys/bluetooth/host/libsubsys__bluetooth__host.a(conn.c.obj)
                0x0000000000012b8c                bt_conn_index
 .text.bt_conn_create_pdu_timeout
                0x0000000000012ba4       0x68 zephyr/subsys/bluetooth/host/libsubsys__bluetooth__host.a(conn.c.obj)
                0x0000000000012ba4                bt_conn_create_pdu_timeout
 .text.bt_conn_tx_processor
                0x0000000000012c0c      0x220 zephyr/subsys/bluetooth/host/libsubsys__bluetooth__host.a(conn.c.obj)
                0x0000000000012c0c                bt_conn_tx_processor
 .text.notify_le_param_updated
                0x0000000000012e2c       0x9c zephyr/subsys/bluetooth/host/libsubsys__bluetooth__host.a(conn.c.obj)
                0x0000000000012e2c                notify_le_param_updated
 .text.le_param_req
                0x0000000000012ec8       0x78 zephyr/subsys/bluetooth/host/libsubsys__bluetooth__host.a(conn.c.obj)
                0x0000000000012ec8                le_param_req
 .text.bt_conn_identity_resolved
                0x0000000000012f40       0x60 zephyr/subsys/bluetooth/host/libsubsys__bluetooth__host.a(conn.c.obj)
                0x0000000000012f40                bt_conn_identity_resolved
 .text.bt_conn_security_changed
                0x0000000000012fa0       0x50 zephyr/subsys/bluetooth/host/libsubsys__bluetooth__host.a(conn.c.obj)
                0x0000000000012fa0                bt_conn_security_changed
 .text.bt_conn_add_le
                0x0000000000012ff0       0x58 zephyr/subsys/bluetooth/host/libsubsys__bluetooth__host.a(conn.c.obj)
                0x0000000000012ff0                bt_conn_add_le
 .text.bt_conn_lookup_addr_le
                0x0000000000013048       0x34 zephyr/subsys/bluetooth/host/libsubsys__bluetooth__host.a(conn.c.obj)
                0x0000000000013048                bt_conn_lookup_addr_le
 .text.bt_conn_exists_le
                0x000000000001307c       0x58 zephyr/subsys/bluetooth/host/libsubsys__bluetooth__host.a(conn.c.obj)
                0x000000000001307c                bt_conn_exists_le
 .text.bt_conn_lookup_state_le
                0x00000000000130d4       0x44 zephyr/subsys/bluetooth/host/libsubsys__bluetooth__host.a(conn.c.obj)
                0x00000000000130d4                bt_conn_lookup_state_le
 .text.send_conn_le_param_update
                0x0000000000013118       0x6c zephyr/subsys/bluetooth/host/libsubsys__bluetooth__host.a(conn.c.obj)
 .text.deferred_work
                0x0000000000013184      0x130 zephyr/subsys/bluetooth/host/libsubsys__bluetooth__host.a(conn.c.obj)
 .text.bt_conn_init
                0x00000000000132b4       0x3c zephyr/subsys/bluetooth/host/libsubsys__bluetooth__host.a(conn.c.obj)
                0x00000000000132b4                bt_conn_init
 .text.l2cap_create_le_sig_pdu
                0x00000000000132f0       0x50 zephyr/subsys/bluetooth/host/libsubsys__bluetooth__host.a(l2cap.c.obj)
 .text.l2cap_accept
                0x0000000000013340       0x40 zephyr/subsys/bluetooth/host/libsubsys__bluetooth__host.a(l2cap.c.obj)
 .text.bt_l2cap_connected
                0x0000000000013380       0xa0 zephyr/subsys/bluetooth/host/libsubsys__bluetooth__host.a(l2cap.c.obj)
                0x0000000000013380                bt_l2cap_connected
 .text.bt_l2cap_send_pdu
                0x0000000000013420       0x50 zephyr/subsys/bluetooth/host/libsubsys__bluetooth__host.a(l2cap.c.obj)
                0x0000000000013420                bt_l2cap_send_pdu
 .text.l2cap_data_pull
                0x0000000000013470       0xdc zephyr/subsys/bluetooth/host/libsubsys__bluetooth__host.a(l2cap.c.obj)
                0x0000000000013470                l2cap_data_pull
 .text.l2cap_recv
                0x000000000001354c       0xcc zephyr/subsys/bluetooth/host/libsubsys__bluetooth__host.a(l2cap.c.obj)
 .text.bt_l2cap_recv
                0x0000000000013618       0x70 zephyr/subsys/bluetooth/host/libsubsys__bluetooth__host.a(l2cap.c.obj)
                0x0000000000013618                bt_l2cap_recv
 .text.bt_l2cap_update_conn_param
                0x0000000000013688       0x50 zephyr/subsys/bluetooth/host/libsubsys__bluetooth__host.a(l2cap.c.obj)
                0x0000000000013688                bt_l2cap_update_conn_param
 .text.att_op_get_type
                0x00000000000136d8       0x74 zephyr/subsys/bluetooth/host/libsubsys__bluetooth__host.a(att.c.obj)
 .text.bt_att_released
                0x000000000001374c        0xc zephyr/subsys/bluetooth/host/libsubsys__bluetooth__host.a(att.c.obj)
 .text.bt_att_chan_create_pdu
                0x0000000000013758       0xac zephyr/subsys/bluetooth/host/libsubsys__bluetooth__host.a(att.c.obj)
 .text.find_type_cb
                0x0000000000013804      0x174 zephyr/subsys/bluetooth/host/libsubsys__bluetooth__host.a(att.c.obj)
 .text.bt_att_connected
                0x0000000000013978       0x40 zephyr/subsys/bluetooth/host/libsubsys__bluetooth__host.a(att.c.obj)
 .text.read_group_cb
                0x00000000000139b8       0xb8 zephyr/subsys/bluetooth/host/libsubsys__bluetooth__host.a(att.c.obj)
 .text.bt_att_accept
                0x0000000000013a70      0x100 zephyr/subsys/bluetooth/host/libsubsys__bluetooth__host.a(att.c.obj)
 .text.read_type_cb
                0x0000000000013b70       0xac zephyr/subsys/bluetooth/host/libsubsys__bluetooth__host.a(att.c.obj)
 .text.chan_send
                0x0000000000013c1c      0x108 zephyr/subsys/bluetooth/host/libsubsys__bluetooth__host.a(att.c.obj)
 .text.att_tx_destroy
                0x0000000000013d24      0x130 zephyr/subsys/bluetooth/host/libsubsys__bluetooth__host.a(att.c.obj)
 .text.bt_att_recv
                0x0000000000013e54       0xec zephyr/subsys/bluetooth/host/libsubsys__bluetooth__host.a(att.c.obj)
 .text.att_write_rsp.constprop.0
                0x0000000000013f40       0xc0 zephyr/subsys/bluetooth/host/libsubsys__bluetooth__host.a(att.c.obj)
 .text.att_get  0x0000000000014000       0x70 zephyr/subsys/bluetooth/host/libsubsys__bluetooth__host.a(att.c.obj)
 .text.bt_att_create_pdu
                0x0000000000014070       0x74 zephyr/subsys/bluetooth/host/libsubsys__bluetooth__host.a(att.c.obj)
                0x0000000000014070                bt_att_create_pdu
 .text.bt_att_create_rsp_pdu
                0x00000000000140e4       0x6c zephyr/subsys/bluetooth/host/libsubsys__bluetooth__host.a(att.c.obj)
                0x00000000000140e4                bt_att_create_rsp_pdu
 .text.att_read_group_req
                0x0000000000014150       0xf0 zephyr/subsys/bluetooth/host/libsubsys__bluetooth__host.a(att.c.obj)
 .text.att_read_mult_vl_req
                0x0000000000014240       0x9c zephyr/subsys/bluetooth/host/libsubsys__bluetooth__host.a(att.c.obj)
 .text.att_read_mult_req
                0x00000000000142dc       0x9c zephyr/subsys/bluetooth/host/libsubsys__bluetooth__host.a(att.c.obj)
 .text.att_read_rsp
                0x0000000000014378       0x90 zephyr/subsys/bluetooth/host/libsubsys__bluetooth__host.a(att.c.obj)
 .text.att_read_type_req
                0x0000000000014408       0xbc zephyr/subsys/bluetooth/host/libsubsys__bluetooth__host.a(att.c.obj)
 .text.att_find_type_req
                0x00000000000144c4       0xc0 zephyr/subsys/bluetooth/host/libsubsys__bluetooth__host.a(att.c.obj)
 .text.att_find_info_req
                0x0000000000014584       0x6c zephyr/subsys/bluetooth/host/libsubsys__bluetooth__host.a(att.c.obj)
 .text.bt_att_req_alloc
                0x00000000000145f0       0x50 zephyr/subsys/bluetooth/host/libsubsys__bluetooth__host.a(att.c.obj)
                0x00000000000145f0                bt_att_req_alloc
 .text.bt_att_req_free
                0x0000000000014640       0x20 zephyr/subsys/bluetooth/host/libsubsys__bluetooth__host.a(att.c.obj)
                0x0000000000014640                bt_att_req_free
 .text.att_handle_rsp
                0x0000000000014660       0x88 zephyr/subsys/bluetooth/host/libsubsys__bluetooth__host.a(att.c.obj)
 .text.bt_att_disconnected
                0x00000000000146e8       0xc8 zephyr/subsys/bluetooth/host/libsubsys__bluetooth__host.a(att.c.obj)
 .text.att_timeout
                0x00000000000147b0       0xa8 zephyr/subsys/bluetooth/host/libsubsys__bluetooth__host.a(att.c.obj)
 .text.bt_att_set_tx_meta_data
                0x0000000000014858       0x24 zephyr/subsys/bluetooth/host/libsubsys__bluetooth__host.a(att.c.obj)
                0x0000000000014858                bt_att_set_tx_meta_data
 .text.find_cf_cfg
                0x000000000001487c       0x5c zephyr/subsys/bluetooth/host/libsubsys__bluetooth__host.a(gatt.c.obj)
 .text.find_sc_cfg
                0x00000000000148d8       0x40 zephyr/subsys/bluetooth/host/libsubsys__bluetooth__host.a(gatt.c.obj)
 .text.find_ccc_cfg
                0x0000000000014918       0x48 zephyr/subsys/bluetooth/host/libsubsys__bluetooth__host.a(gatt.c.obj)
 .text.bt_gatt_service_init
                0x0000000000014960       0x3c zephyr/subsys/bluetooth/host/libsubsys__bluetooth__host.a(gatt.c.obj)
 .text.bt_gatt_attr_write_ccc
                0x000000000001499c       0xc8 zephyr/subsys/bluetooth/host/libsubsys__bluetooth__host.a(gatt.c.obj)
                0x000000000001499c                bt_gatt_attr_write_ccc
 .text.sc_save  0x0000000000014a64       0x68 zephyr/subsys/bluetooth/host/libsubsys__bluetooth__host.a(gatt.c.obj)
 .text.db_hash_update
                0x0000000000014acc       0x30 zephyr/subsys/bluetooth/host/libsubsys__bluetooth__host.a(gatt.c.obj)
 .text.clear_cf_cfg
                0x0000000000014afc       0x2c zephyr/subsys/bluetooth/host/libsubsys__bluetooth__host.a(gatt.c.obj)
 .text.sc_indicate
                0x0000000000014b28       0x50 zephyr/subsys/bluetooth/host/libsubsys__bluetooth__host.a(gatt.c.obj)
 .text.cf_write
                0x0000000000014b78       0xa4 zephyr/subsys/bluetooth/host/libsubsys__bluetooth__host.a(gatt.c.obj)
 .text.sc_indicate_rsp
                0x0000000000014c1c       0x50 zephyr/subsys/bluetooth/host/libsubsys__bluetooth__host.a(gatt.c.obj)
 .text.read_ppcp
                0x0000000000014c6c       0x38 zephyr/subsys/bluetooth/host/libsubsys__bluetooth__host.a(gatt.c.obj)
 .text.disconnected_cb
                0x0000000000014ca4       0xb4 zephyr/subsys/bluetooth/host/libsubsys__bluetooth__host.a(gatt.c.obj)
 .text.bt_gatt_init
                0x0000000000014d58       0x44 zephyr/subsys/bluetooth/host/libsubsys__bluetooth__host.a(gatt.c.obj)
                0x0000000000014d58                bt_gatt_init
 .text.bt_gatt_attr_get_handle
                0x0000000000014d9c       0x60 zephyr/subsys/bluetooth/host/libsubsys__bluetooth__host.a(gatt.c.obj)
                0x0000000000014d9c                bt_gatt_attr_get_handle
 .text.bt_gatt_foreach_attr_type
                0x0000000000014dfc       0xf4 zephyr/subsys/bluetooth/host/libsubsys__bluetooth__host.a(gatt.c.obj)
                0x0000000000014dfc                bt_gatt_foreach_attr_type
 .text.db_hash_gen
                0x0000000000014ef0       0x9c zephyr/subsys/bluetooth/host/libsubsys__bluetooth__host.a(gatt.c.obj)
 .text.db_hash_read
                0x0000000000014f8c       0x88 zephyr/subsys/bluetooth/host/libsubsys__bluetooth__host.a(gatt.c.obj)
 .text.db_hash_process
                0x0000000000015014       0x1c zephyr/subsys/bluetooth/host/libsubsys__bluetooth__host.a(gatt.c.obj)
 .text.bt_gatt_attr_next
                0x0000000000015030       0x24 zephyr/subsys/bluetooth/host/libsubsys__bluetooth__host.a(gatt.c.obj)
                0x0000000000015030                bt_gatt_attr_next
 .text.gatt_indicate
                0x0000000000015054      0x100 zephyr/subsys/bluetooth/host/libsubsys__bluetooth__host.a(gatt.c.obj)
 .text.bt_gatt_indicate
                0x0000000000015154       0xf0 zephyr/subsys/bluetooth/host/libsubsys__bluetooth__host.a(gatt.c.obj)
                0x0000000000015154                bt_gatt_indicate
 .text.sc_process
                0x0000000000015244       0x6c zephyr/subsys/bluetooth/host/libsubsys__bluetooth__host.a(gatt.c.obj)
 .text.update_ccc
                0x00000000000152b0      0x12c zephyr/subsys/bluetooth/host/libsubsys__bluetooth__host.a(gatt.c.obj)
 .text.gatt_notify
                0x00000000000153dc       0xd0 zephyr/subsys/bluetooth/host/libsubsys__bluetooth__host.a(gatt.c.obj)
 .text.bt_gatt_notify_cb
                0x00000000000154ac       0xe8 zephyr/subsys/bluetooth/host/libsubsys__bluetooth__host.a(gatt.c.obj)
                0x00000000000154ac                bt_gatt_notify_cb
 .text.notify_cb
                0x0000000000015594      0x148 zephyr/subsys/bluetooth/host/libsubsys__bluetooth__host.a(gatt.c.obj)
 .text.bt_gatt_connected
                0x00000000000156dc       0x58 zephyr/subsys/bluetooth/host/libsubsys__bluetooth__host.a(gatt.c.obj)
                0x00000000000156dc                bt_gatt_connected
 .text.bt_gatt_att_max_mtu_changed
                0x0000000000015734       0x28 zephyr/subsys/bluetooth/host/libsubsys__bluetooth__host.a(gatt.c.obj)
                0x0000000000015734                bt_gatt_att_max_mtu_changed
 .text.bt_gatt_encrypt_change
                0x000000000001575c       0x38 zephyr/subsys/bluetooth/host/libsubsys__bluetooth__host.a(gatt.c.obj)
                0x000000000001575c                bt_gatt_encrypt_change
 .text.bt_gatt_disconnected
                0x0000000000015794       0x48 zephyr/subsys/bluetooth/host/libsubsys__bluetooth__host.a(gatt.c.obj)
                0x0000000000015794                bt_gatt_disconnected
 .text.smp_find
                0x00000000000157dc       0x1c zephyr/subsys/bluetooth/host/libsubsys__bluetooth__host.a(smp.c.obj)
 .text.latch_auth_cb
                0x00000000000157f8       0x3c zephyr/subsys/bluetooth/host/libsubsys__bluetooth__host.a(smp.c.obj)
 .text.get_io_capa
                0x0000000000015834       0x4c zephyr/subsys/bluetooth/host/libsubsys__bluetooth__host.a(smp.c.obj)
 .text.smp_send.constprop.0
                0x0000000000015880       0x54 zephyr/subsys/bluetooth/host/libsubsys__bluetooth__host.a(smp.c.obj)
 .text.bt_smp_accept
                0x00000000000158d4       0x48 zephyr/subsys/bluetooth/host/libsubsys__bluetooth__host.a(smp.c.obj)
 .text.smp_chan_get
                0x000000000001591c       0x34 zephyr/subsys/bluetooth/host/libsubsys__bluetooth__host.a(smp.c.obj)
 .text.smp_init
                0x0000000000015950       0x38 zephyr/subsys/bluetooth/host/libsubsys__bluetooth__host.a(smp.c.obj)
 .text.smp_dhkey_generate
                0x0000000000015988       0x4c zephyr/subsys/bluetooth/host/libsubsys__bluetooth__host.a(smp.c.obj)
 .text.smp_ident_info
                0x00000000000159d4       0x74 zephyr/subsys/bluetooth/host/libsubsys__bluetooth__host.a(smp.c.obj)
 .text.smp_encrypt_info
                0x0000000000015a48       0x74 zephyr/subsys/bluetooth/host/libsubsys__bluetooth__host.a(smp.c.obj)
 .text.smp_send_pairing_confirm
                0x0000000000015abc       0x9c zephyr/subsys/bluetooth/host/libsubsys__bluetooth__host.a(smp.c.obj)
 .text.smp_public_key_periph
                0x0000000000015b58      0x174 zephyr/subsys/bluetooth/host/libsubsys__bluetooth__host.a(smp.c.obj)
 .text.smp_public_key
                0x0000000000015ccc       0xbc zephyr/subsys/bluetooth/host/libsubsys__bluetooth__host.a(smp.c.obj)
 .text.compute_and_check_and_send_periph_dhcheck
                0x0000000000015d88      0x1a8 zephyr/subsys/bluetooth/host/libsubsys__bluetooth__host.a(smp.c.obj)
 .text.bt_smp_connected
                0x0000000000015f30       0x54 zephyr/subsys/bluetooth/host/libsubsys__bluetooth__host.a(smp.c.obj)
 .text.smp_pairing_confirm
                0x0000000000015f84       0x94 zephyr/subsys/bluetooth/host/libsubsys__bluetooth__host.a(smp.c.obj)
 .text.smp_pairing_random
                0x0000000000016018      0x234 zephyr/subsys/bluetooth/host/libsubsys__bluetooth__host.a(smp.c.obj)
 .text.get_auth
                0x000000000001624c       0x68 zephyr/subsys/bluetooth/host/libsubsys__bluetooth__host.a(smp.c.obj)
 .text.smp_pairing_req
                0x00000000000162b4      0x38c zephyr/subsys/bluetooth/host/libsubsys__bluetooth__host.a(smp.c.obj)
 .text.bt_smp_start_security
                0x0000000000016640      0x188 zephyr/subsys/bluetooth/host/libsubsys__bluetooth__host.a(smp.c.obj)
                0x0000000000016640                bt_smp_start_security
 .text.smp_pairing_complete
                0x00000000000167c8      0x12c zephyr/subsys/bluetooth/host/libsubsys__bluetooth__host.a(smp.c.obj)
 .text.smp_error
                0x00000000000168f4       0xb0 zephyr/subsys/bluetooth/host/libsubsys__bluetooth__host.a(smp.c.obj)
 .text.bt_smp_recv
                0x00000000000169a4      0x128 zephyr/subsys/bluetooth/host/libsubsys__bluetooth__host.a(smp.c.obj)
 .text.bt_smp_pkey_ready
                0x0000000000016acc       0x60 zephyr/subsys/bluetooth/host/libsubsys__bluetooth__host.a(smp.c.obj)
 .text.smp_ident_addr_info
                0x0000000000016b2c      0x194 zephyr/subsys/bluetooth/host/libsubsys__bluetooth__host.a(smp.c.obj)
 .text.smp_central_ident
                0x0000000000016cc0       0x98 zephyr/subsys/bluetooth/host/libsubsys__bluetooth__host.a(smp.c.obj)
 .text.smp_pairing_failed
                0x0000000000016d58       0x6c zephyr/subsys/bluetooth/host/libsubsys__bluetooth__host.a(smp.c.obj)
 .text.bt_smp_encrypt_change
                0x0000000000016dc4      0x22c zephyr/subsys/bluetooth/host/libsubsys__bluetooth__host.a(smp.c.obj)
 .text.smp_timeout
                0x0000000000016ff0       0x3c zephyr/subsys/bluetooth/host/libsubsys__bluetooth__host.a(smp.c.obj)
 .text.bt_smp_update_keys
                0x000000000001702c      0x130 zephyr/subsys/bluetooth/host/libsubsys__bluetooth__host.a(smp.c.obj)
                0x000000000001702c                bt_smp_update_keys
 .text.bt_smp_init
                0x000000000001715c       0x2c zephyr/subsys/bluetooth/host/libsubsys__bluetooth__host.a(smp.c.obj)
                0x000000000001715c                bt_smp_init
 .text.bt_keys_get_addr
                0x0000000000017188       0x4c zephyr/subsys/bluetooth/host/libsubsys__bluetooth__host.a(keys.c.obj)
                0x0000000000017188                bt_keys_get_addr
 .text.bt_keys_foreach_type
                0x00000000000171d4       0x1c zephyr/subsys/bluetooth/host/libsubsys__bluetooth__host.a(keys.c.obj)
                0x00000000000171d4                bt_keys_foreach_type
 .text.bt_keys_find
                0x00000000000171f0       0x38 zephyr/subsys/bluetooth/host/libsubsys__bluetooth__host.a(keys.c.obj)
                0x00000000000171f0                bt_keys_find
 .text.bt_keys_find_irk
                0x0000000000017228       0x84 zephyr/subsys/bluetooth/host/libsubsys__bluetooth__host.a(keys.c.obj)
                0x0000000000017228                bt_keys_find_irk
 .text.bt_keys_find_addr
                0x00000000000172ac       0x24 zephyr/subsys/bluetooth/host/libsubsys__bluetooth__host.a(keys.c.obj)
                0x00000000000172ac                bt_keys_find_addr
 .text.bt_crypto_f5
                0x00000000000172d0       0xd0 zephyr/subsys/bluetooth/crypto/libsubsys__bluetooth__crypto.a(bt_crypto.c.obj)
                0x00000000000172d0                bt_crypto_f5
 .text.bt_crypto_g2
                0x00000000000173a0       0x5c zephyr/subsys/bluetooth/crypto/libsubsys__bluetooth__crypto.a(bt_crypto.c.obj)
                0x00000000000173a0                bt_crypto_g2
 .text.net_buf_destroy
                0x00000000000173fc       0x38 zephyr/subsys/net/libsubsys__net.a(buf.c.obj)
 .text.net_buf_pool_get
                0x0000000000017434       0x10 zephyr/subsys/net/libsubsys__net.a(buf.c.obj)
                0x0000000000017434                net_buf_pool_get
 .text.net_buf_id
                0x0000000000017444       0x20 zephyr/subsys/net/libsubsys__net.a(buf.c.obj)
                0x0000000000017444                net_buf_id
 .text.fixed_data_alloc
                0x0000000000017464       0x24 zephyr/subsys/net/libsubsys__net.a(buf.c.obj)
 .text.net_buf_alloc_len
                0x0000000000017488      0x118 zephyr/subsys/net/libsubsys__net.a(buf.c.obj)
                0x0000000000017488                net_buf_alloc_len
 .text.net_buf_unref
                0x00000000000175a0       0x38 zephyr/subsys/net/libsubsys__net.a(buf.c.obj)
                0x00000000000175a0                net_buf_unref
 .text.bt_apollo_init
                0x00000000000175d8       0x3c zephyr/drivers/bluetooth/libdrivers__bluetooth.a(hci_ambiq.c.obj)
 .text.bt_spi_transceive
                0x0000000000017614       0x50 zephyr/drivers/bluetooth/libdrivers__bluetooth.a(hci_ambiq.c.obj)
 .text.bt_apollo_open
                0x0000000000017664       0x58 zephyr/drivers/bluetooth/libdrivers__bluetooth.a(hci_ambiq.c.obj)
 .text.spi_send_packet
                0x00000000000176bc       0x54 zephyr/drivers/bluetooth/libdrivers__bluetooth.a(hci_ambiq.c.obj)
 .text.bt_apollo_send
                0x0000000000017710       0x7c zephyr/drivers/bluetooth/libdrivers__bluetooth.a(hci_ambiq.c.obj)
 .text.bt_spi_rx_thread
                0x000000000001778c      0x214 zephyr/drivers/bluetooth/libdrivers__bluetooth.a(hci_ambiq.c.obj)
 .text.bt_packet_irq_isr
                0x00000000000179a0       0x14 zephyr/drivers/bluetooth/libdrivers__bluetooth.a(hci_ambiq.c.obj)
                0x00000000000179a0                bt_packet_irq_isr
 .text.bt_apollo_spi_send
                0x00000000000179b4       0x3c zephyr/drivers/bluetooth/libdrivers__bluetooth.a(apollox_blue.c.obj)
                0x00000000000179b4                bt_apollo_spi_send
 .text.bt_apollo_spi_rcv
                0x00000000000179f0       0x78 zephyr/drivers/bluetooth/libdrivers__bluetooth.a(apollox_blue.c.obj)
                0x00000000000179f0                bt_apollo_spi_rcv
 .text.bt_apollo_controller_init
                0x0000000000017a68       0x48 zephyr/drivers/bluetooth/libdrivers__bluetooth.a(apollox_blue.c.obj)
                0x0000000000017a68                bt_apollo_controller_init
 .text.uart_console_init
                0x0000000000017ab0       0x28 zephyr/drivers/console/libdrivers__console.a(uart_console.c.obj)
 .text.console_out
                0x0000000000017ad8       0x28 zephyr/drivers/console/libdrivers__console.a(uart_console.c.obj)
 .text.ambiq_gpio_port_get_raw
                0x0000000000017b00       0x18 zephyr/drivers/gpio/libdrivers__gpio.a(gpio_ambiq.c.obj)
 .text.ambiq_gpio_pin_interrupt_configure
                0x0000000000017b18      0x11c zephyr/drivers/gpio/libdrivers__gpio.a(gpio_ambiq.c.obj)
 .text.ambiq_gpio_pin_configure
                0x0000000000017c34       0x70 zephyr/drivers/gpio/libdrivers__gpio.a(gpio_ambiq.c.obj)
 .text.ambiq_gpio_init
                0x0000000000017ca4       0x40 zephyr/drivers/gpio/libdrivers__gpio.a(gpio_ambiq.c.obj)
 .text.ambiq_gpio_isr
                0x0000000000017ce4       0x44 zephyr/drivers/gpio/libdrivers__gpio.a(gpio_ambiq.c.obj)
 .text.pinctrl_configure_pins
                0x0000000000017d28       0x94 zephyr/drivers/pinctrl/libdrivers__pinctrl.a(pinctrl_ambiq.c.obj)
                0x0000000000017d28                pinctrl_configure_pins
 .text.pl011_ambiq_clk_set
                0x0000000000017dbc       0x50 zephyr/drivers/serial/libdrivers__serial.a(uart_pl011.c.obj)
 .text.pwr_on_ambiq_uart_0
                0x0000000000017e0c       0x18 zephyr/drivers/serial/libdrivers__serial.a(uart_pl011.c.obj)
 .text.pwr_on_ambiq_uart_1
                0x0000000000017e24       0x18 zephyr/drivers/serial/libdrivers__serial.a(uart_pl011.c.obj)
 .text.pl011_runtime_configure_internal
                0x0000000000017e3c      0x144 zephyr/drivers/serial/libdrivers__serial.a(uart_pl011.c.obj)
 .text.spi_context_update_tx
                0x0000000000017f80       0x60 zephyr/drivers/spi/libdrivers__spi.a(spi_ambiq.c.obj)
 .text.spi_context_update_rx
                0x0000000000017fe0       0x60 zephyr/drivers/spi/libdrivers__spi.a(spi_ambiq.c.obj)
 .text.pwr_on_ambiq_spi_0
                0x0000000000018040       0x1c zephyr/drivers/spi/libdrivers__spi.a(spi_ambiq.c.obj)
 .text.spi_ambiq_xfer_half_duplex.isra.0
                0x000000000001805c       0xdc zephyr/drivers/spi/libdrivers__spi.a(spi_ambiq.c.obj)
 .text.spi_ambiq_transceive
                0x0000000000018138      0x3f8 zephyr/drivers/spi/libdrivers__spi.a(spi_ambiq.c.obj)
 .text.spi_ambiq_init
                0x0000000000018530       0x98 zephyr/drivers/spi/libdrivers__spi.a(spi_ambiq.c.obj)
 .text.pwr_on_ambiq_spi_1
                0x00000000000185c8       0x1c zephyr/drivers/spi/libdrivers__spi.a(spi_ambiq.c.obj)
 .text.pwr_on_ambiq_spi_0
                0x00000000000185e4       0x1c zephyr/drivers/spi/libdrivers__spi.a(spi_ambiq_bleif.c.obj)
 .text.spi_ambiq_transceive
                0x0000000000018600      0x194 zephyr/drivers/spi/libdrivers__spi.a(spi_ambiq_bleif.c.obj)
 .text.update_tick_counter
                0x0000000000018794       0x30 zephyr/drivers/timer/libdrivers__timer.a(ambiq_stimer.c.obj)
 .text.stimer_init
                0x00000000000187c4       0x54 zephyr/drivers/timer/libdrivers__timer.a(ambiq_stimer.c.obj)
 .text.stimer_isr
                0x0000000000018818       0x40 zephyr/drivers/timer/libdrivers__timer.a(ambiq_stimer.c.obj)
 .text.sys_clock_set_timeout
                0x0000000000018858       0x6c zephyr/drivers/timer/libdrivers__timer.a(ambiq_stimer.c.obj)
                0x0000000000018858                sys_clock_set_timeout
 .text.sys_clock_elapsed
                0x00000000000188c4       0x28 zephyr/drivers/timer/libdrivers__timer.a(ambiq_stimer.c.obj)
                0x00000000000188c4                sys_clock_elapsed
 .text.am_hal_pwrctrl_periph_enable
                0x00000000000188ec       0x6c modules/hal_ambiq/mcu/apollo3/lib..__modules__hal__ambiq__mcu__apollo3.a(am_hal_pwrctrl.c.obj)
                0x00000000000188ec                am_hal_pwrctrl_periph_enable
 .text.am_hal_pwrctrl_periph_disable
                0x0000000000018958       0x88 modules/hal_ambiq/mcu/apollo3/lib..__modules__hal__ambiq__mcu__apollo3.a(am_hal_pwrctrl.c.obj)
                0x0000000000018958                am_hal_pwrctrl_periph_disable
 .text.am_hal_pwrctrl_blebuck_trim
                0x00000000000189e0       0x50 modules/hal_ambiq/mcu/apollo3/lib..__modules__hal__ambiq__mcu__apollo3.a(am_hal_pwrctrl.c.obj)
                0x00000000000189e0                am_hal_pwrctrl_blebuck_trim
 .text.am_hal_pwrctrl_low_power_init
                0x0000000000018a30      0x144 modules/hal_ambiq/mcu/apollo3/lib..__modules__hal__ambiq__mcu__apollo3.a(am_hal_pwrctrl.c.obj)
                0x0000000000018a30                am_hal_pwrctrl_low_power_init
 .text.set_LPMMODE.part.0
                0x0000000000018b74       0x34 modules/hal_ambiq/mcu/apollo3/lib..__modules__hal__ambiq__mcu__apollo3.a(am_hal_cachectrl.c.obj)
 .text.set_SEDELAY.part.0
                0x0000000000018ba8       0x34 modules/hal_ambiq/mcu/apollo3/lib..__modules__hal__ambiq__mcu__apollo3.a(am_hal_cachectrl.c.obj)
 .text.set_RDWAIT.part.0
                0x0000000000018bdc       0x38 modules/hal_ambiq/mcu/apollo3/lib..__modules__hal__ambiq__mcu__apollo3.a(am_hal_cachectrl.c.obj)
 .text.am_hal_cachectrl_control
                0x0000000000018c14      0x150 modules/hal_ambiq/mcu/apollo3/lib..__modules__hal__ambiq__mcu__apollo3.a(am_hal_cachectrl.c.obj)
                0x0000000000018c14                am_hal_cachectrl_control
 .text.am_hal_flash_delay
                0x0000000000018d64       0x20 modules/hal_ambiq/mcu/apollo3/lib..__modules__hal__ambiq__mcu__apollo3.a(am_hal_flash.c.obj)
                0x0000000000018d64                am_hal_flash_delay
 .text.am_hal_flash_load_ui32
                0x0000000000018d84        0x8 modules/hal_ambiq/mcu/apollo3/lib..__modules__hal__ambiq__mcu__apollo3.a(am_hal_flash.c.obj)
                0x0000000000018d84                am_hal_flash_load_ui32
 .text.am_hal_flash_store_ui32
                0x0000000000018d8c        0xc modules/hal_ambiq/mcu/apollo3/lib..__modules__hal__ambiq__mcu__apollo3.a(am_hal_flash.c.obj)
                0x0000000000018d8c                am_hal_flash_store_ui32
 .text.am_hal_rtc_osc_disable
                0x0000000000018d98       0x10 modules/hal_ambiq/mcu/apollo3/lib..__modules__hal__ambiq__mcu__apollo3.a(am_hal_rtc.c.obj)
                0x0000000000018d98                am_hal_rtc_osc_disable
 .text.am_hal_gpio_pinconfig_get
                0x0000000000018da8       0xe4 modules/hal_ambiq/mcu/apollo3/lib..__modules__hal__ambiq__mcu__apollo3.a(am_hal_gpio.c.obj)
                0x0000000000018da8                am_hal_gpio_pinconfig_get
 .text.am_hal_gpio_pinconfig
                0x0000000000018e8c      0x220 modules/hal_ambiq/mcu/apollo3/lib..__modules__hal__ambiq__mcu__apollo3.a(am_hal_gpio.c.obj)
                0x0000000000018e8c                am_hal_gpio_pinconfig
 .text.am_hal_gpio_state_write
                0x00000000000190ac       0x78 modules/hal_ambiq/mcu/apollo3/lib..__modules__hal__ambiq__mcu__apollo3.a(am_hal_gpio.c.obj)
                0x00000000000190ac                am_hal_gpio_state_write
 .text.am_hal_gpio_interrupt_enable
                0x0000000000019124       0x3c modules/hal_ambiq/mcu/apollo3/lib..__modules__hal__ambiq__mcu__apollo3.a(am_hal_gpio.c.obj)
                0x0000000000019124                am_hal_gpio_interrupt_enable
 .text.am_hal_gpio_interrupt_disable
                0x0000000000019160       0x40 modules/hal_ambiq/mcu/apollo3/lib..__modules__hal__ambiq__mcu__apollo3.a(am_hal_gpio.c.obj)
                0x0000000000019160                am_hal_gpio_interrupt_disable
 .text.am_hal_gpio_interrupt_clear
                0x00000000000191a0       0x30 modules/hal_ambiq/mcu/apollo3/lib..__modules__hal__ambiq__mcu__apollo3.a(am_hal_gpio.c.obj)
                0x00000000000191a0                am_hal_gpio_interrupt_clear
 .text.am_hal_gpio_interrupt_status_get
                0x00000000000191d0       0x48 modules/hal_ambiq/mcu/apollo3/lib..__modules__hal__ambiq__mcu__apollo3.a(am_hal_gpio.c.obj)
                0x00000000000191d0                am_hal_gpio_interrupt_status_get
 .text.am_hal_stimer_config
                0x0000000000019218       0x14 modules/hal_ambiq/mcu/apollo3/lib..__modules__hal__ambiq__mcu__apollo3.a(am_hal_stimer.c.obj)
                0x0000000000019218                am_hal_stimer_config
 .text.am_hal_stimer_counter_get
                0x000000000001922c       0x20 modules/hal_ambiq/mcu/apollo3/lib..__modules__hal__ambiq__mcu__apollo3.a(am_hal_stimer.c.obj)
                0x000000000001922c                am_hal_stimer_counter_get
 .text.am_hal_stimer_compare_delta_set
                0x000000000001924c       0x6c modules/hal_ambiq/mcu/apollo3/lib..__modules__hal__ambiq__mcu__apollo3.a(am_hal_stimer.c.obj)
                0x000000000001924c                am_hal_stimer_compare_delta_set
 .text.am_hal_stimer_int_enable
                0x00000000000192b8       0x14 modules/hal_ambiq/mcu/apollo3/lib..__modules__hal__ambiq__mcu__apollo3.a(am_hal_stimer.c.obj)
                0x00000000000192b8                am_hal_stimer_int_enable
 .text.am_hal_stimer_int_set
                0x00000000000192cc        0xc modules/hal_ambiq/mcu/apollo3/lib..__modules__hal__ambiq__mcu__apollo3.a(am_hal_stimer.c.obj)
                0x00000000000192cc                am_hal_stimer_int_set
 .text.am_hal_stimer_int_clear
                0x00000000000192d8        0xc modules/hal_ambiq/mcu/apollo3/lib..__modules__hal__ambiq__mcu__apollo3.a(am_hal_stimer.c.obj)
                0x00000000000192d8                am_hal_stimer_int_clear
 .text.am_hal_stimer_int_status_get
                0x00000000000192e4       0x18 modules/hal_ambiq/mcu/apollo3/lib..__modules__hal__ambiq__mcu__apollo3.a(am_hal_stimer.c.obj)
                0x00000000000192e4                am_hal_stimer_int_status_get
 .text.build_cmd
                0x00000000000192fc       0x3c modules/hal_ambiq/mcu/apollo3/lib..__modules__hal__ambiq__mcu__apollo3.a(am_hal_iom.c.obj)
 .text.internal_iom_reset_on_error
                0x0000000000019338      0x104 modules/hal_ambiq/mcu/apollo3/lib..__modules__hal__ambiq__mcu__apollo3.a(am_hal_iom.c.obj)
 .text.internal_iom_get_int_err
                0x000000000001943c       0x40 modules/hal_ambiq/mcu/apollo3/lib..__modules__hal__ambiq__mcu__apollo3.a(am_hal_iom.c.obj)
                0x000000000001943c                internal_iom_get_int_err
 .text.am_hal_iom_initialize
                0x000000000001947c       0x44 modules/hal_ambiq/mcu/apollo3/lib..__modules__hal__ambiq__mcu__apollo3.a(am_hal_iom.c.obj)
                0x000000000001947c                am_hal_iom_initialize
 .text.am_hal_iom_enable
                0x00000000000194c0       0xb4 modules/hal_ambiq/mcu/apollo3/lib..__modules__hal__ambiq__mcu__apollo3.a(am_hal_iom.c.obj)
                0x00000000000194c0                am_hal_iom_enable
 .text.am_hal_iom_disable
                0x0000000000019574       0x68 modules/hal_ambiq/mcu/apollo3/lib..__modules__hal__ambiq__mcu__apollo3.a(am_hal_iom.c.obj)
                0x0000000000019574                am_hal_iom_disable
 .text.am_hal_iom_uninitialize
                0x00000000000195dc       0x30 modules/hal_ambiq/mcu/apollo3/lib..__modules__hal__ambiq__mcu__apollo3.a(am_hal_iom.c.obj)
                0x00000000000195dc                am_hal_iom_uninitialize
 .text.am_hal_iom_status_get
                0x000000000001960c       0x64 modules/hal_ambiq/mcu/apollo3/lib..__modules__hal__ambiq__mcu__apollo3.a(am_hal_iom.c.obj)
                0x000000000001960c                am_hal_iom_status_get
 .text.am_hal_iom_interrupt_status_get
                0x0000000000019670       0x3c modules/hal_ambiq/mcu/apollo3/lib..__modules__hal__ambiq__mcu__apollo3.a(am_hal_iom.c.obj)
                0x0000000000019670                am_hal_iom_interrupt_status_get
 .text.am_hal_iom_interrupt_clear
                0x00000000000196ac       0x28 modules/hal_ambiq/mcu/apollo3/lib..__modules__hal__ambiq__mcu__apollo3.a(am_hal_iom.c.obj)
                0x00000000000196ac                am_hal_iom_interrupt_clear
 .text.am_hal_iom_interrupt_service
                0x00000000000196d4      0x214 modules/hal_ambiq/mcu/apollo3/lib..__modules__hal__ambiq__mcu__apollo3.a(am_hal_iom.c.obj)
                0x00000000000196d4                am_hal_iom_interrupt_service
 .text.am_hal_iom_configure
                0x00000000000198e8      0x26c modules/hal_ambiq/mcu/apollo3/lib..__modules__hal__ambiq__mcu__apollo3.a(am_hal_iom.c.obj)
                0x00000000000198e8                am_hal_iom_configure
 .text.am_hal_iom_blocking_transfer
                0x0000000000019b54      0x24c modules/hal_ambiq/mcu/apollo3/lib..__modules__hal__ambiq__mcu__apollo3.a(am_hal_iom.c.obj)
                0x0000000000019b54                am_hal_iom_blocking_transfer
 .text.am_hal_iom_spi_blocking_fullduplex
                0x0000000000019da0      0x208 modules/hal_ambiq/mcu/apollo3/lib..__modules__hal__ambiq__mcu__apollo3.a(am_hal_iom.c.obj)
                0x0000000000019da0                am_hal_iom_spi_blocking_fullduplex
 .text.am_hal_cmdq_init
                0x0000000000019fa8       0xb0 modules/hal_ambiq/mcu/apollo3/lib..__modules__hal__ambiq__mcu__apollo3.a(am_hal_cmdq.c.obj)
                0x0000000000019fa8                am_hal_cmdq_init
 .text.am_hal_cmdq_enable
                0x000000000001a058       0x38 modules/hal_ambiq/mcu/apollo3/lib..__modules__hal__ambiq__mcu__apollo3.a(am_hal_cmdq.c.obj)
                0x000000000001a058                am_hal_cmdq_enable
 .text.am_hal_cmdq_disable
                0x000000000001a090       0x38 modules/hal_ambiq/mcu/apollo3/lib..__modules__hal__ambiq__mcu__apollo3.a(am_hal_cmdq.c.obj)
                0x000000000001a090                am_hal_cmdq_disable
 .text.am_hal_cmdq_get_status
                0x000000000001a0c8       0x70 modules/hal_ambiq/mcu/apollo3/lib..__modules__hal__ambiq__mcu__apollo3.a(am_hal_cmdq.c.obj)
                0x000000000001a0c8                am_hal_cmdq_get_status
 .text.am_hal_cmdq_term
                0x000000000001a138       0x54 modules/hal_ambiq/mcu/apollo3/lib..__modules__hal__ambiq__mcu__apollo3.a(am_hal_cmdq.c.obj)
                0x000000000001a138                am_hal_cmdq_term
 .text.am_hal_cmdq_error_resume
                0x000000000001a18c       0x5c modules/hal_ambiq/mcu/apollo3/lib..__modules__hal__ambiq__mcu__apollo3.a(am_hal_cmdq.c.obj)
                0x000000000001a18c                am_hal_cmdq_error_resume
 .text.am_hal_ble_crc_nz
                0x000000000001a1e8       0x2c modules/hal_ambiq/mcu/apollo3/lib..__modules__hal__ambiq__mcu__apollo3.a(am_hal_ble.c.obj)
 .text.am_hal_ble_cmd_write
                0x000000000001a214       0x80 modules/hal_ambiq/mcu/apollo3/lib..__modules__hal__ambiq__mcu__apollo3.a(am_hal_ble.c.obj)
 .text.am_hal_ble_wakeup_set
                0x000000000001a294       0x38 modules/hal_ambiq/mcu/apollo3/lib..__modules__hal__ambiq__mcu__apollo3.a(am_hal_ble.c.obj)
                0x000000000001a294                am_hal_ble_wakeup_set
 .text.am_hal_ble_initialize
                0x000000000001a2cc       0x60 modules/hal_ambiq/mcu/apollo3/lib..__modules__hal__ambiq__mcu__apollo3.a(am_hal_ble.c.obj)
                0x000000000001a2cc                am_hal_ble_initialize
 .text.am_hal_ble_deinitialize
                0x000000000001a32c       0x40 modules/hal_ambiq/mcu/apollo3/lib..__modules__hal__ambiq__mcu__apollo3.a(am_hal_ble.c.obj)
                0x000000000001a32c                am_hal_ble_deinitialize
 .text.am_hal_ble_config
                0x000000000001a36c       0xf0 modules/hal_ambiq/mcu/apollo3/lib..__modules__hal__ambiq__mcu__apollo3.a(am_hal_ble.c.obj)
                0x000000000001a36c                am_hal_ble_config
 .text.am_hal_ble_power_control
                0x000000000001a45c      0x14c modules/hal_ambiq/mcu/apollo3/lib..__modules__hal__ambiq__mcu__apollo3.a(am_hal_ble.c.obj)
                0x000000000001a45c                am_hal_ble_power_control
 .text.am_hal_ble_default_trim_set_ramcode
                0x000000000001a5a8       0x50 modules/hal_ambiq/mcu/apollo3/lib..__modules__hal__ambiq__mcu__apollo3.a(am_hal_ble.c.obj)
                0x000000000001a5a8                am_hal_ble_default_trim_set_ramcode
 .text.am_hal_ble_blocking_transfer
                0x000000000001a5f8      0x35c modules/hal_ambiq/mcu/apollo3/lib..__modules__hal__ambiq__mcu__apollo3.a(am_hal_ble.c.obj)
                0x000000000001a5f8                am_hal_ble_blocking_transfer
 .text.am_hal_ble_blocking_hci_write
                0x000000000001a954       0x50 modules/hal_ambiq/mcu/apollo3/lib..__modules__hal__ambiq__mcu__apollo3.a(am_hal_ble.c.obj)
                0x000000000001a954                am_hal_ble_blocking_hci_write
 .text.am_hal_ble_patch_apply
                0x000000000001a9a4      0x254 modules/hal_ambiq/mcu/apollo3/lib..__modules__hal__ambiq__mcu__apollo3.a(am_hal_ble.c.obj)
                0x000000000001a9a4                am_hal_ble_patch_apply
 .text.am_hal_ble_default_patch_apply
                0x000000000001abf8       0x78 modules/hal_ambiq/mcu/apollo3/lib..__modules__hal__ambiq__mcu__apollo3.a(am_hal_ble.c.obj)
                0x000000000001abf8                am_hal_ble_default_patch_apply
 .text.am_hal_ble_patch_copy_end_apply
                0x000000000001ac70       0xb4 modules/hal_ambiq/mcu/apollo3/lib..__modules__hal__ambiq__mcu__apollo3.a(am_hal_ble.c.obj)
                0x000000000001ac70                am_hal_ble_patch_copy_end_apply
 .text.am_hal_ble_default_copy_patch_apply
                0x000000000001ad24       0x30 modules/hal_ambiq/mcu/apollo3/lib..__modules__hal__ambiq__mcu__apollo3.a(am_hal_ble.c.obj)
                0x000000000001ad24                am_hal_ble_default_copy_patch_apply
 .text.am_hal_ble_blocking_hci_read
                0x000000000001ad54       0x78 modules/hal_ambiq/mcu/apollo3/lib..__modules__hal__ambiq__mcu__apollo3.a(am_hal_ble.c.obj)
                0x000000000001ad54                am_hal_ble_blocking_hci_read
 .text.am_hal_ble_int_enable
                0x000000000001adcc       0x3c modules/hal_ambiq/mcu/apollo3/lib..__modules__hal__ambiq__mcu__apollo3.a(am_hal_ble.c.obj)
                0x000000000001adcc                am_hal_ble_int_enable
 .text.am_hal_ble_int_status
                0x000000000001ae08       0x1c modules/hal_ambiq/mcu/apollo3/lib..__modules__hal__ambiq__mcu__apollo3.a(am_hal_ble.c.obj)
                0x000000000001ae08                am_hal_ble_int_status
 .text.am_hal_ble_int_clear
                0x000000000001ae24       0x24 modules/hal_ambiq/mcu/apollo3/lib..__modules__hal__ambiq__mcu__apollo3.a(am_hal_ble.c.obj)
                0x000000000001ae24                am_hal_ble_int_clear
 .text.am_hal_ble_plf_reg_read
                0x000000000001ae48       0x94 modules/hal_ambiq/mcu/apollo3/lib..__modules__hal__ambiq__mcu__apollo3.a(am_hal_ble.c.obj)
                0x000000000001ae48                am_hal_ble_plf_reg_read
 .text.am_hal_ble_check_32k_clock
                0x000000000001aedc       0x40 modules/hal_ambiq/mcu/apollo3/lib..__modules__hal__ambiq__mcu__apollo3.a(am_hal_ble.c.obj)
                0x000000000001aedc                am_hal_ble_check_32k_clock
 .text.am_hal_ble_plf_reg_write
                0x000000000001af1c       0x78 modules/hal_ambiq/mcu/apollo3/lib..__modules__hal__ambiq__mcu__apollo3.a(am_hal_ble.c.obj)
                0x000000000001af1c                am_hal_ble_plf_reg_write
 .text.am_hal_ble_transmitter_modex_set
                0x000000000001af94       0xc4 modules/hal_ambiq/mcu/apollo3/lib..__modules__hal__ambiq__mcu__apollo3.a(am_hal_ble.c.obj)
                0x000000000001af94                am_hal_ble_transmitter_modex_set
 .text.am_hal_ble_patch_complete
                0x000000000001b058      0x194 modules/hal_ambiq/mcu/apollo3/lib..__modules__hal__ambiq__mcu__apollo3.a(am_hal_ble.c.obj)
                0x000000000001b058                am_hal_ble_patch_complete
 .text.am_hal_ble_patch_preload
                0x000000000001b1ec      0x208 modules/hal_ambiq/mcu/apollo3/lib..__modules__hal__ambiq__mcu__apollo3.a(am_hal_ble.c.obj)
                0x000000000001b1ec                am_hal_ble_patch_preload
 .text.am_hal_ble_boot
                0x000000000001b3f4       0x90 modules/hal_ambiq/mcu/apollo3/lib..__modules__hal__ambiq__mcu__apollo3.a(am_hal_ble.c.obj)
                0x000000000001b3f4                am_hal_ble_boot
 .text.am_hal_ble_tx_power_set
                0x000000000001b484       0x88 modules/hal_ambiq/mcu/apollo3/lib..__modules__hal__ambiq__mcu__apollo3.a(am_hal_ble.c.obj)
                0x000000000001b484                am_hal_ble_tx_power_set
 .text.am_apollo3_bt_controller_init
                0x000000000001b50c       0xa8 modules/hal_ambiq/components/lib..__modules__hal__ambiq__components.a(am_apollo3_bt_support.c.obj)
                0x000000000001b50c                am_apollo3_bt_controller_init
 .text.am_apollo3_bt_isr_pre
                0x000000000001b5b4       0x1c modules/hal_ambiq/components/lib..__modules__hal__ambiq__components.a(am_apollo3_bt_support.c.obj)
                0x000000000001b5b4                am_apollo3_bt_isr_pre
 .text.z_impl_k_busy_wait
                0x000000000001b5d0       0x38 zephyr/kernel/libkernel.a(busy_wait.c.obj)
                0x000000000001b5d0                z_impl_k_busy_wait
 .text.k_sys_fatal_error_handler
                0x000000000001b608       0x2c zephyr/kernel/libkernel.a(fatal.c.obj)
                0x000000000001b608                k_sys_fatal_error_handler
 .text.z_fatal_error
                0x000000000001b634       0xcc zephyr/kernel/libkernel.a(fatal.c.obj)
                0x000000000001b634                z_fatal_error
 .text.z_sys_init_run_level
                0x000000000001b700       0x2c zephyr/kernel/libkernel.a(init.c.obj)
 .text.bg_thread_main
                0x000000000001b72c       0xc4 zephyr/kernel/libkernel.a(init.c.obj)
 .text.z_bss_zero
                0x000000000001b7f0       0x18 zephyr/kernel/libkernel.a(init.c.obj)
                0x000000000001b7f0                z_bss_zero
 .text.z_init_cpu
                0x000000000001b808       0x68 zephyr/kernel/libkernel.a(init.c.obj)
                0x000000000001b808                z_init_cpu
 .text.z_cstart
                0x000000000001b870       0xd4 zephyr/kernel/libkernel.a(init.c.obj)
                0x000000000001b870                z_cstart
 .text.statics_init
                0x000000000001b944       0x24 zephyr/kernel/libkernel.a(kheap.c.obj)
 .text.init_mem_slab_obj_core_list
                0x000000000001b968       0x24 zephyr/kernel/libkernel.a(mem_slab.c.obj)
 .text.k_mem_slab_alloc
                0x000000000001b98c       0x5c zephyr/kernel/libkernel.a(mem_slab.c.obj)
                0x000000000001b98c                k_mem_slab_alloc
 .text.z_impl_k_mutex_lock
                0x000000000001b9e8       0xf0 zephyr/kernel/libkernel.a(mutex.c.obj)
                0x000000000001b9e8                z_impl_k_mutex_lock
 .text.z_impl_k_mutex_unlock
                0x000000000001bad8       0x78 zephyr/kernel/libkernel.a(mutex.c.obj)
                0x000000000001bad8                z_impl_k_mutex_unlock
 .text.z_impl_k_queue_get
                0x000000000001bb50       0x64 zephyr/kernel/libkernel.a(queue.c.obj)
                0x000000000001bb50                z_impl_k_queue_get
 .text.z_impl_k_sem_give
                0x000000000001bbb4       0x48 zephyr/kernel/libkernel.a(sem.c.obj)
                0x000000000001bbb4                z_impl_k_sem_give
 .text.z_impl_k_sem_take
                0x000000000001bbfc       0x4c zephyr/kernel/libkernel.a(sem.c.obj)
                0x000000000001bbfc                z_impl_k_sem_take
 .text.k_sys_work_q_init
                0x000000000001bc48       0x34 zephyr/kernel/libkernel.a(system_work_q.c.obj)
 .text.work_queue_main
                0x000000000001bc7c      0x13c zephyr/kernel/libkernel.a(work.c.obj)
 .text.cancel_sync_locked
                0x000000000001bdb8       0x3c zephyr/kernel/libkernel.a(work.c.obj)
 .text.submit_to_queue_locked
                0x000000000001bdf4       0xb0 zephyr/kernel/libkernel.a(work.c.obj)
 .text.work_flush_locked
                0x000000000001bea4       0x80 zephyr/kernel/libkernel.a(work.c.obj)
 .text.k_work_submit
                0x000000000001bf24        0xc zephyr/kernel/libkernel.a(work.c.obj)
                0x000000000001bf24                k_work_submit
 .text.k_work_queue_start
                0x000000000001bf30       0x7c zephyr/kernel/libkernel.a(work.c.obj)
                0x000000000001bf30                k_work_queue_start
 .text.k_work_schedule_for_queue
                0x000000000001bfac       0x54 zephyr/kernel/libkernel.a(work.c.obj)
                0x000000000001bfac                k_work_schedule_for_queue
 .text.k_work_schedule
                0x000000000001c000        0xc zephyr/kernel/libkernel.a(work.c.obj)
                0x000000000001c000                k_work_schedule
 .text.k_work_reschedule_for_queue
                0x000000000001c00c       0x5c zephyr/kernel/libkernel.a(work.c.obj)
                0x000000000001c00c                k_work_reschedule_for_queue
 .text.k_work_reschedule
                0x000000000001c068        0xc zephyr/kernel/libkernel.a(work.c.obj)
                0x000000000001c068                k_work_reschedule
 .text.z_setup_new_thread
                0x000000000001c074       0x70 zephyr/kernel/libkernel.a(thread.c.obj)
                0x000000000001c074                z_setup_new_thread
 .text.z_impl_k_thread_create
                0x000000000001c0e4       0x58 zephyr/kernel/libkernel.a(thread.c.obj)
                0x000000000001c0e4                z_impl_k_thread_create
 .text.update_cache
                0x000000000001c13c       0x3c zephyr/kernel/libkernel.a(sched.c.obj)
 .text.unready_thread
                0x000000000001c178       0x30 zephyr/kernel/libkernel.a(sched.c.obj)
 .text.ready_thread
                0x000000000001c1a8       0x68 zephyr/kernel/libkernel.a(sched.c.obj)
 .text.z_thread_halt
                0x000000000001c210       0xd8 zephyr/kernel/libkernel.a(sched.c.obj)
 .text.move_thread_to_end_of_prio_q
                0x000000000001c2e8       0x74 zephyr/kernel/libkernel.a(sched.c.obj)
                0x000000000001c2e8                move_thread_to_end_of_prio_q
 .text.z_pend_curr
                0x000000000001c35c       0x58 zephyr/kernel/libkernel.a(sched.c.obj)
                0x000000000001c35c                z_pend_curr
 .text.z_thread_prio_set
                0x000000000001c3b4       0x88 zephyr/kernel/libkernel.a(sched.c.obj)
                0x000000000001c3b4                z_thread_prio_set
 .text.z_reschedule
                0x000000000001c43c       0x24 zephyr/kernel/libkernel.a(sched.c.obj)
                0x000000000001c43c                z_reschedule
 .text.z_sched_start
                0x000000000001c460       0x3c zephyr/kernel/libkernel.a(sched.c.obj)
                0x000000000001c460                z_sched_start
 .text.z_reschedule_irqlock
                0x000000000001c49c       0x28 zephyr/kernel/libkernel.a(sched.c.obj)
                0x000000000001c49c                z_reschedule_irqlock
 .text.k_sched_lock
                0x000000000001c4c4       0x28 zephyr/kernel/libkernel.a(sched.c.obj)
                0x000000000001c4c4                k_sched_lock
 .text.k_sched_unlock
                0x000000000001c4ec       0x40 zephyr/kernel/libkernel.a(sched.c.obj)
                0x000000000001c4ec                k_sched_unlock
 .text.z_sched_init
                0x000000000001c52c       0x10 zephyr/kernel/libkernel.a(sched.c.obj)
                0x000000000001c52c                z_sched_init
 .text.z_impl_k_yield
                0x000000000001c53c       0x7c zephyr/kernel/libkernel.a(sched.c.obj)
                0x000000000001c53c                z_impl_k_yield
 .text.z_tick_sleep
                0x000000000001c5b8       0x88 zephyr/kernel/libkernel.a(sched.c.obj)
 .text.z_impl_k_sleep
                0x000000000001c640       0x3c zephyr/kernel/libkernel.a(sched.c.obj)
                0x000000000001c640                z_impl_k_sleep
 .text.z_impl_k_sched_current_thread_query
                0x000000000001c67c        0xc zephyr/kernel/libkernel.a(sched.c.obj)
                0x000000000001c67c                z_impl_k_sched_current_thread_query
 .text.z_sched_wait
                0x000000000001c688       0x24 zephyr/kernel/libkernel.a(sched.c.obj)
                0x000000000001c688                z_sched_wait
 .text.slice_timeout
                0x000000000001c6ac       0x20 zephyr/kernel/libkernel.a(timeslicing.c.obj)
 .text.thread_is_sliceable
                0x000000000001c6cc       0x3c zephyr/kernel/libkernel.a(timeslicing.c.obj)
                0x000000000001c6cc                thread_is_sliceable
 .text.z_reset_time_slice
                0x000000000001c708       0x50 zephyr/kernel/libkernel.a(timeslicing.c.obj)
                0x000000000001c708                z_reset_time_slice
 .text.z_time_slice
                0x000000000001c758       0x60 zephyr/kernel/libkernel.a(timeslicing.c.obj)
                0x000000000001c758                z_time_slice
 .text.z_data_copy
                0x000000000001c7b8       0x4c zephyr/kernel/libkernel.a(xip.c.obj)
                0x000000000001c7b8                z_data_copy
 .text.elapsed  0x000000000001c804       0x14 zephyr/kernel/libkernel.a(timeout.c.obj)
 .text.remove_timeout
                0x000000000001c818       0x38 zephyr/kernel/libkernel.a(timeout.c.obj)
 .text.next_timeout
                0x000000000001c850       0x40 zephyr/kernel/libkernel.a(timeout.c.obj)
 .text.z_add_timeout
                0x000000000001c890       0xf4 zephyr/kernel/libkernel.a(timeout.c.obj)
                0x000000000001c890                z_add_timeout
 .text.sys_clock_announce
                0x000000000001c984       0xd0 zephyr/kernel/libkernel.a(timeout.c.obj)
                0x000000000001c984                sys_clock_announce
 .text.sys_clock_tick_get
                0x000000000001ca54       0x30 zephyr/kernel/libkernel.a(timeout.c.obj)
                0x000000000001ca54                sys_clock_tick_get
 .text.z_impl_k_poll_signal_raise
                0x000000000001ca84       0x50 zephyr/kernel/libkernel.a(poll.c.obj)
                0x000000000001ca84                z_impl_k_poll_signal_raise
 .text.z_thread_aligned_alloc
                0x000000000001cad4       0x40 zephyr/kernel/libkernel.a(mempool.c.obj)
                0x000000000001cad4                z_thread_aligned_alloc
 .text.boot_banner
                0x000000000001cb14        0xc zephyr/kernel/libkernel.a(banner.c.obj)
                0x000000000001cb14                boot_banner
 .text.strtok   0x000000000001cb20       0x1c d:\documents\m2\rtos\zephyr-sdk-0.17.4\arm-zephyr-eabi\bin\../lib/gcc/../../picolibc/arm-zephyr-eabi/lib/thumb/v7e-m/nofp\libc.a(libc_string_strtok.c.o)
                0x000000000001cb20                strtok
 .text.snprintf
                0x000000000001cb3c       0x54 d:\documents\m2\rtos\zephyr-sdk-0.17.4\arm-zephyr-eabi\bin\../lib/gcc/../../picolibc/arm-zephyr-eabi/lib/thumb/v7e-m/nofp\libc.a(libc_tinystdio_snprintf.c.o)
                0x000000000001cb3c                snprintf
 .text.strtod   0x000000000001cb90      0x378 d:\documents\m2\rtos\zephyr-sdk-0.17.4\arm-zephyr-eabi\bin\../lib/gcc/../../picolibc/arm-zephyr-eabi/lib/thumb/v7e-m/nofp\libc.a(libc_tinystdio_strtod.c.o)
                0x000000000001cb90                strtod
                0x000000000001cb90                strtold
 .text.skip_to_arg
                0x000000000001cf08      0x138 d:\documents\m2\rtos\zephyr-sdk-0.17.4\arm-zephyr-eabi\bin\../lib/gcc/../../picolibc/arm-zephyr-eabi/lib/thumb/v7e-m/nofp\libc.a(libc_tinystdio_vfprintf.c.o)
 .text.vfprintf
                0x000000000001d040      0x9c4 d:\documents\m2\rtos\zephyr-sdk-0.17.4\arm-zephyr-eabi\bin\../lib/gcc/../../picolibc/arm-zephyr-eabi/lib/thumb/v7e-m/nofp\libc.a(libc_tinystdio_vfprintf.c.o)
                0x000000000001d040                __d_vfprintf
 .text.__atod_engine
                0x000000000001da04      0x1bc d:\documents\m2\rtos\zephyr-sdk-0.17.4\arm-zephyr-eabi\bin\../lib/gcc/../../picolibc/arm-zephyr-eabi/lib/thumb/v7e-m/nofp\libc.a(libc_tinystdio_atod_ryu.c.o)
                0x000000000001da04                __atod_engine
 .text.div10    0x000000000001dbc0       0x28 d:\documents\m2\rtos\zephyr-sdk-0.17.4\arm-zephyr-eabi\bin\../lib/gcc/../../picolibc/arm-zephyr-eabi/lib/thumb/v7e-m/nofp\libc.a(libc_tinystdio_dtoa_ryu.c.o)
 .text.__dtoa_engine
                0x000000000001dbe8      0x49c d:\documents\m2\rtos\zephyr-sdk-0.17.4\arm-zephyr-eabi\bin\../lib/gcc/../../picolibc/arm-zephyr-eabi/lib/thumb/v7e-m/nofp\libc.a(libc_tinystdio_dtoa_ryu.c.o)
                0x000000000001dbe8                __dtoa_engine
 .text.__log10Pow2
                0x000000000001e084        0xc d:\documents\m2\rtos\zephyr-sdk-0.17.4\arm-zephyr-eabi\bin\../lib/gcc/../../picolibc/arm-zephyr-eabi/lib/thumb/v7e-m/nofp\libc.a(libc_tinystdio_ryu_log10.c.o)
                0x000000000001e084                __log10Pow2
 .text.__log10Pow5
                0x000000000001e090        0xc d:\documents\m2\rtos\zephyr-sdk-0.17.4\arm-zephyr-eabi\bin\../lib/gcc/../../picolibc/arm-zephyr-eabi/lib/thumb/v7e-m/nofp\libc.a(libc_tinystdio_ryu_log10.c.o)
                0x000000000001e090                __log10Pow5
 .text.__log2pow5